{
  "label": "baseline-1-targets",
  "command": [
    "fc-build",
    "--target",
    "Materials",
    "MatGui",
    "Part",
    "SketcherGui"
  ],
  "started_utc": "2026-09-28T21:04:58.832526+00:00",
  "elapsed_s": 138.01558177097468,
  "exit_code": 0,
  "jobs": 8,
  "changed_ninja_outputs": 328,
  "build_dir": "/home/user/dev/FreeCAD/build/clang-profile",
  "children_user_s": 789.501559,
  "children_system_s": 62.865539,
  "max_child_rss_kib": 856264,
  "memory_note": "Largest individual child RSS, not aggregate concurrent build memory."
}
{
  "label": "baseline-1-documentobject-touch",
  "command": [
    "fc-build",
    "--target",
    "Materials",
    "MatGui",
    "Part",
    "SketcherGui"
  ],
  "started_utc": "2026-09-28T21:07:16.953658+00:00",
  "elapsed_s": 238.42526068299776,
  "exit_code": 0,
  "jobs": 8,
  "changed_ninja_outputs": 531,
  "build_dir": "/home/user/dev/FreeCAD/build/clang-profile",
  "children_user_s": 1579.358491,
  "children_system_s": 134.59448,
  "max_child_rss_kib": 855380,
  "memory_note": "Largest individual child RSS, not aggregate concurrent build memory."
}
{
  "label": "baseline-1-documentobserver-touch",
  "command": [
    "fc-build",
    "--target",
    "Materials",
    "MatGui",
    "Part",
    "SketcherGui"
  ],
  "started_utc": "2026-09-28T21:11:15.512222+00:00",
  "elapsed_s": 185.26511350896908,
  "exit_code": 0,
  "jobs": 8,
  "changed_ninja_outputs": 382,
  "build_dir": "/home/user/dev/FreeCAD/build/clang-profile",
  "children_user_s": 1247.608086,
  "children_system_s": 108.062307,
  "max_child_rss_kib": 850600,
  "memory_note": "Largest individual child RSS, not aggregate concurrent build memory."
}
{
  "label": "baseline-1-metatypes-touch",
  "command": [
    "fc-build",
    "--target",
    "Materials",
    "MatGui",
    "Part",
    "SketcherGui"
  ],
  "started_utc": "2026-09-28T21:14:20.883577+00:00",
  "elapsed_s": 103.62576322595123,
  "exit_code": 0,
  "jobs": 8,
  "changed_ninja_outputs": 176,
  "build_dir": "/home/user/dev/FreeCAD/build/clang-profile",
  "children_user_s": 594.589119,
  "children_system_s": 46.624892,
  "max_child_rss_kib": 850868,
  "memory_note": "Largest individual child RSS, not aggregate concurrent build memory."
}
