{
  "label": "candidate-compatibility",
  "command": [
    "fc-build",
    "--target",
    "Materials",
    "MatGui",
    "Part",
    "SketcherGui"
  ],
  "started_utc": "2026-09-28T21:16:57.871638+00:00",
  "elapsed_s": 130.92604190297425,
  "exit_code": 0,
  "jobs": 8,
  "changed_ninja_outputs": 433,
  "build_dir": "/home/user/dev/FreeCAD/build/clang-profile",
  "children_user_s": 615.936623,
  "children_system_s": 57.972178,
  "max_child_rss_kib": 853620,
  "memory_note": "Largest individual child RSS, not aggregate concurrent build memory."
}
