In file included from /home/user/dev/FreeCAD/src/Base/SystemHandler.cpp:78:
/home/user/dev/FreeCAD/build/clang-profile/config.h:12:9: warning: 'HAVE_DLFCN_H' macro redefined [-Wmacro-redefined]
   12 | #define HAVE_DLFCN_H
      |         ^
/nix/store/h3l4z7p6wny3phbckwwhy1i2g52pdnj4-python3-3.13.15/include/python3.13/pyconfig.h:304:9: note: previous definition is here
  304 | #define HAVE_DLFCN_H 1
      |         ^
In file included from /home/user/dev/FreeCAD/src/Base/SystemHandler.cpp:78:
/home/user/dev/FreeCAD/build/clang-profile/config.h:81:9: warning: 'HAVE_STDINT_H' macro redefined [-Wmacro-redefined]
   81 | #define HAVE_STDINT_H
      |         ^
/nix/store/h3l4z7p6wny3phbckwwhy1i2g52pdnj4-python3-3.13.15/include/python3.13/pyconfig.h:1275:9: note: previous definition is here
 1275 | #define HAVE_STDINT_H 1
      |         ^
In file included from /home/user/dev/FreeCAD/src/Base/SystemHandler.cpp:78:
/home/user/dev/FreeCAD/build/clang-profile/config.h:108:9: warning: 'HAVE_SYS_STAT_H' macro redefined [-Wmacro-redefined]
  108 | #define HAVE_SYS_STAT_H
      |         ^
/nix/store/h3l4z7p6wny3phbckwwhy1i2g52pdnj4-python3-3.13.15/include/python3.13/pyconfig.h:1445:9: note: previous definition is here
 1445 | #define HAVE_SYS_STAT_H 1
      |         ^
In file included from /home/user/dev/FreeCAD/src/Base/SystemHandler.cpp:78:
/home/user/dev/FreeCAD/build/clang-profile/config.h:111:9: warning: 'HAVE_SYS_TYPES_H' macro redefined [-Wmacro-redefined]
  111 | #define HAVE_SYS_TYPES_H
      |         ^
/nix/store/h3l4z7p6wny3phbckwwhy1i2g52pdnj4-python3-3.13.15/include/python3.13/pyconfig.h:1472:9: note: previous definition is here
 1472 | #define HAVE_SYS_TYPES_H 1
      |         ^
In file included from /home/user/dev/FreeCAD/src/Base/SystemHandler.cpp:78:
/home/user/dev/FreeCAD/build/clang-profile/config.h:114:9: warning: 'HAVE_UNISTD_H' macro redefined [-Wmacro-redefined]
  114 | #define HAVE_UNISTD_H
      |         ^
/nix/store/h3l4z7p6wny3phbckwwhy1i2g52pdnj4-python3-3.13.15/include/python3.13/pyconfig.h:1543:9: note: previous definition is here
 1543 | #define HAVE_UNISTD_H 1
      |         ^
In file included from /home/user/dev/FreeCAD/src/Base/SystemHandler.cpp:78:
/home/user/dev/FreeCAD/build/clang-profile/config.h:141:9: warning: 'STDC_HEADERS' macro redefined [-Wmacro-redefined]
  141 | #define STDC_HEADERS
      |         ^
/nix/store/h3l4z7p6wny3phbckwwhy1i2g52pdnj4-python3-3.13.15/include/python3.13/pyconfig.h:1802:9: note: previous definition is here
 1802 | #define STDC_HEADERS 1
      |         ^
6 warnings generated.
In file included from /home/user/dev/FreeCAD/src/3rdParty/zipios++/deflateoutputstreambuf.cpp:2:
In file included from /home/user/dev/FreeCAD/src/3rdParty/zipios++/zipios-config.h:56:
/home/user/dev/FreeCAD/build/clang-profile/config.h:12:9: warning: 'HAVE_DLFCN_H' macro redefined [-Wmacro-redefined]
   12 | #define HAVE_DLFCN_H
      |         ^
/nix/store/h3l4z7p6wny3phbckwwhy1i2g52pdnj4-python3-3.13.15/include/python3.13/pyconfig.h:304:9: note: previous definition is here
  304 | #define HAVE_DLFCN_H 1
      |         ^
In file included from /home/user/dev/FreeCAD/src/3rdParty/zipios++/deflateoutputstreambuf.cpp:2:
In file included from /home/user/dev/FreeCAD/src/3rdParty/zipios++/zipios-config.h:56:
/home/user/dev/FreeCAD/build/clang-profile/config.h:81:9: warning: 'HAVE_STDINT_H' macro redefined [-Wmacro-redefined]
   81 | #define HAVE_STDINT_H
      |         ^
/nix/store/h3l4z7p6wny3phbckwwhy1i2g52pdnj4-python3-3.13.15/include/python3.13/pyconfig.h:1275:9: note: previous definition is here
 1275 | #define HAVE_STDINT_H 1
      |         ^
In file included from /home/user/dev/FreeCAD/src/3rdParty/zipios++/deflateoutputstreambuf.cpp:2:
In file included from /home/user/dev/FreeCAD/src/3rdParty/zipios++/zipios-config.h:56:
/home/user/dev/FreeCAD/build/clang-profile/config.h:108:9: warning: 'HAVE_SYS_STAT_H' macro redefined [-Wmacro-redefined]
  108 | #define HAVE_SYS_STAT_H
      |         ^
/nix/store/h3l4z7p6wny3phbckwwhy1i2g52pdnj4-python3-3.13.15/include/python3.13/pyconfig.h:1445:9: note: previous definition is here
 1445 | #define HAVE_SYS_STAT_H 1
      |         ^
In file included from /home/user/dev/FreeCAD/src/3rdParty/zipios++/deflateoutputstreambuf.cpp:2:
In file included from /home/user/dev/FreeCAD/src/3rdParty/zipios++/zipios-config.h:56:
/home/user/dev/FreeCAD/build/clang-profile/config.h:111:9: warning: 'HAVE_SYS_TYPES_H' macro redefined [-Wmacro-redefined]
  111 | #define HAVE_SYS_TYPES_H
      |         ^
/nix/store/h3l4z7p6wny3phbckwwhy1i2g52pdnj4-python3-3.13.15/include/python3.13/pyconfig.h:1472:9: note: previous definition is here
 1472 | #define HAVE_SYS_TYPES_H 1
      |         ^
In file included from /home/user/dev/FreeCAD/src/3rdParty/zipios++/deflateoutputstreambuf.cpp:2:
In file included from /home/user/dev/FreeCAD/src/3rdParty/zipios++/zipios-config.h:56:
/home/user/dev/FreeCAD/build/clang-profile/config.h:114:9: warning: 'HAVE_UNISTD_H' macro redefined [-Wmacro-redefined]
  114 | #define HAVE_UNISTD_H
      |         ^
/nix/store/h3l4z7p6wny3phbckwwhy1i2g52pdnj4-python3-3.13.15/include/python3.13/pyconfig.h:1543:9: note: previous definition is here
 1543 | #define HAVE_UNISTD_H 1
      |         ^
In file included from /home/user/dev/FreeCAD/src/3rdParty/zipios++/deflateoutputstreambuf.cpp:2:
In file included from /home/user/dev/FreeCAD/src/3rdParty/zipios++/zipios-config.h:56:
/home/user/dev/FreeCAD/build/clang-profile/config.h:141:9: warning: 'STDC_HEADERS' macro redefined [-Wmacro-redefined]
  141 | #define STDC_HEADERS
      |         ^
/nix/store/h3l4z7p6wny3phbckwwhy1i2g52pdnj4-python3-3.13.15/include/python3.13/pyconfig.h:1802:9: note: previous definition is here
 1802 | #define STDC_HEADERS 1
      |         ^
6 warnings generated.
In file included from /home/user/dev/FreeCAD/src/3rdParty/zipios++/collcoll.cpp:2:
In file included from /home/user/dev/FreeCAD/src/3rdParty/zipios++/zipios-config.h:56:
/home/user/dev/FreeCAD/build/clang-profile/config.h:12:9: warning: 'HAVE_DLFCN_H' macro redefined [-Wmacro-redefined]
   12 | #define HAVE_DLFCN_H
      |         ^
/nix/store/h3l4z7p6wny3phbckwwhy1i2g52pdnj4-python3-3.13.15/include/python3.13/pyconfig.h:304:9: note: previous definition is here
  304 | #define HAVE_DLFCN_H 1
      |         ^
In file included from /home/user/dev/FreeCAD/src/3rdParty/zipios++/collcoll.cpp:2:
In file included from /home/user/dev/FreeCAD/src/3rdParty/zipios++/zipios-config.h:56:
/home/user/dev/FreeCAD/build/clang-profile/config.h:81:9: warning: 'HAVE_STDINT_H' macro redefined [-Wmacro-redefined]
   81 | #define HAVE_STDINT_H
      |         ^
/nix/store/h3l4z7p6wny3phbckwwhy1i2g52pdnj4-python3-3.13.15/include/python3.13/pyconfig.h:1275:9: note: previous definition is here
 1275 | #define HAVE_STDINT_H 1
      |         ^
In file included from /home/user/dev/FreeCAD/src/3rdParty/zipios++/collcoll.cpp:2:
In file included from /home/user/dev/FreeCAD/src/3rdParty/zipios++/zipios-config.h:56:
/home/user/dev/FreeCAD/build/clang-profile/config.h:108:9: warning: 'HAVE_SYS_STAT_H' macro redefined [-Wmacro-redefined]
  108 | #define HAVE_SYS_STAT_H
      |         ^
/nix/store/h3l4z7p6wny3phbckwwhy1i2g52pdnj4-python3-3.13.15/include/python3.13/pyconfig.h:1445:9: note: previous definition is here
 1445 | #define HAVE_SYS_STAT_H 1
      |         ^
In file included from /home/user/dev/FreeCAD/src/3rdParty/zipios++/collcoll.cpp:2:
In file included from /home/user/dev/FreeCAD/src/3rdParty/zipios++/zipios-config.h:56:
/home/user/dev/FreeCAD/build/clang-profile/config.h:111:9: warning: 'HAVE_SYS_TYPES_H' macro redefined [-Wmacro-redefined]
  111 | #define HAVE_SYS_TYPES_H
      |         ^
/nix/store/h3l4z7p6wny3phbckwwhy1i2g52pdnj4-python3-3.13.15/include/python3.13/pyconfig.h:1472:9: note: previous definition is here
 1472 | #define HAVE_SYS_TYPES_H 1
      |         ^
In file included from /home/user/dev/FreeCAD/src/3rdParty/zipios++/collcoll.cpp:2:
In file included from /home/user/dev/FreeCAD/src/3rdParty/zipios++/zipios-config.h:56:
/home/user/dev/FreeCAD/build/clang-profile/config.h:114:9: warning: 'HAVE_UNISTD_H' macro redefined [-Wmacro-redefined]
  114 | #define HAVE_UNISTD_H
      |         ^
/nix/store/h3l4z7p6wny3phbckwwhy1i2g52pdnj4-python3-3.13.15/include/python3.13/pyconfig.h:1543:9: note: previous definition is here
 1543 | #define HAVE_UNISTD_H 1
      |         ^
In file included from /home/user/dev/FreeCAD/src/3rdParty/zipios++/collcoll.cpp:2:
In file included from /home/user/dev/FreeCAD/src/3rdParty/zipios++/zipios-config.h:56:
/home/user/dev/FreeCAD/build/clang-profile/config.h:141:9: warning: 'STDC_HEADERS' macro redefined [-Wmacro-redefined]
  141 | #define STDC_HEADERS
      |         ^
/nix/store/h3l4z7p6wny3phbckwwhy1i2g52pdnj4-python3-3.13.15/include/python3.13/pyconfig.h:1802:9: note: previous definition is here
 1802 | #define STDC_HEADERS 1
      |         ^
6 warnings generated.
In file included from /home/user/dev/FreeCAD/src/3rdParty/zipios++/fileentry.cpp:2:
In file included from /home/user/dev/FreeCAD/src/3rdParty/zipios++/zipios-config.h:56:
/home/user/dev/FreeCAD/build/clang-profile/config.h:12:9: warning: 'HAVE_DLFCN_H' macro redefined [-Wmacro-redefined]
   12 | #define HAVE_DLFCN_H
      |         ^
/nix/store/h3l4z7p6wny3phbckwwhy1i2g52pdnj4-python3-3.13.15/include/python3.13/pyconfig.h:304:9: note: previous definition is here
  304 | #define HAVE_DLFCN_H 1
      |         ^
In file included from /home/user/dev/FreeCAD/src/3rdParty/zipios++/fileentry.cpp:2:
In file included from /home/user/dev/FreeCAD/src/3rdParty/zipios++/zipios-config.h:56:
/home/user/dev/FreeCAD/build/clang-profile/config.h:81:9: warning: 'HAVE_STDINT_H' macro redefined [-Wmacro-redefined]
   81 | #define HAVE_STDINT_H
      |         ^
/nix/store/h3l4z7p6wny3phbckwwhy1i2g52pdnj4-python3-3.13.15/include/python3.13/pyconfig.h:1275:9: note: previous definition is here
 1275 | #define HAVE_STDINT_H 1
      |         ^
In file included from /home/user/dev/FreeCAD/src/3rdParty/zipios++/fileentry.cpp:2:
In file included from /home/user/dev/FreeCAD/src/3rdParty/zipios++/zipios-config.h:56:
/home/user/dev/FreeCAD/build/clang-profile/config.h:108:9: warning: 'HAVE_SYS_STAT_H' macro redefined [-Wmacro-redefined]
  108 | #define HAVE_SYS_STAT_H
      |         ^
/nix/store/h3l4z7p6wny3phbckwwhy1i2g52pdnj4-python3-3.13.15/include/python3.13/pyconfig.h:1445:9: note: previous definition is here
 1445 | #define HAVE_SYS_STAT_H 1
      |         ^
In file included from /home/user/dev/FreeCAD/src/3rdParty/zipios++/fileentry.cpp:2:
In file included from /home/user/dev/FreeCAD/src/3rdParty/zipios++/zipios-config.h:56:
/home/user/dev/FreeCAD/build/clang-profile/config.h:111:9: warning: 'HAVE_SYS_TYPES_H' macro redefined [-Wmacro-redefined]
  111 | #define HAVE_SYS_TYPES_H
      |         ^
/nix/store/h3l4z7p6wny3phbckwwhy1i2g52pdnj4-python3-3.13.15/include/python3.13/pyconfig.h:1472:9: note: previous definition is here
 1472 | #define HAVE_SYS_TYPES_H 1
      |         ^
In file included from /home/user/dev/FreeCAD/src/3rdParty/zipios++/fileentry.cpp:2:
In file included from /home/user/dev/FreeCAD/src/3rdParty/zipios++/zipios-config.h:56:
/home/user/dev/FreeCAD/build/clang-profile/config.h:114:9: warning: 'HAVE_UNISTD_H' macro redefined [-Wmacro-redefined]
  114 | #define HAVE_UNISTD_H
      |         ^
/nix/store/h3l4z7p6wny3phbckwwhy1i2g52pdnj4-python3-3.13.15/include/python3.13/pyconfig.h:1543:9: note: previous definition is here
 1543 | #define HAVE_UNISTD_H 1
      |         ^
In file included from /home/user/dev/FreeCAD/src/3rdParty/zipios++/fileentry.cpp:2:
In file included from /home/user/dev/FreeCAD/src/3rdParty/zipios++/zipios-config.h:56:
/home/user/dev/FreeCAD/build/clang-profile/config.h:141:9: warning: 'STDC_HEADERS' macro redefined [-Wmacro-redefined]
  141 | #define STDC_HEADERS
      |         ^
/nix/store/h3l4z7p6wny3phbckwwhy1i2g52pdnj4-python3-3.13.15/include/python3.13/pyconfig.h:1802:9: note: previous definition is here
 1802 | #define STDC_HEADERS 1
      |         ^
6 warnings generated.
In file included from /home/user/dev/FreeCAD/src/3rdParty/zipios++/fcollexceptions.cpp:2:
In file included from /home/user/dev/FreeCAD/src/3rdParty/zipios++/zipios-config.h:56:
/home/user/dev/FreeCAD/build/clang-profile/config.h:12:9: warning: 'HAVE_DLFCN_H' macro redefined [-Wmacro-redefined]
   12 | #define HAVE_DLFCN_H
      |         ^
/nix/store/h3l4z7p6wny3phbckwwhy1i2g52pdnj4-python3-3.13.15/include/python3.13/pyconfig.h:304:9: note: previous definition is here
  304 | #define HAVE_DLFCN_H 1
      |         ^
In file included from /home/user/dev/FreeCAD/src/3rdParty/zipios++/fcollexceptions.cpp:2:
In file included from /home/user/dev/FreeCAD/src/3rdParty/zipios++/zipios-config.h:56:
/home/user/dev/FreeCAD/build/clang-profile/config.h:81:9: warning: 'HAVE_STDINT_H' macro redefined [-Wmacro-redefined]
   81 | #define HAVE_STDINT_H
      |         ^
/nix/store/h3l4z7p6wny3phbckwwhy1i2g52pdnj4-python3-3.13.15/include/python3.13/pyconfig.h:1275:9: note: previous definition is here
 1275 | #define HAVE_STDINT_H 1
      |         ^
In file included from /home/user/dev/FreeCAD/src/3rdParty/zipios++/fcollexceptions.cpp:2:
In file included from /home/user/dev/FreeCAD/src/3rdParty/zipios++/zipios-config.h:56:
/home/user/dev/FreeCAD/build/clang-profile/config.h:108:9: warning: 'HAVE_SYS_STAT_H' macro redefined [-Wmacro-redefined]
  108 | #define HAVE_SYS_STAT_H
      |         ^
/nix/store/h3l4z7p6wny3phbckwwhy1i2g52pdnj4-python3-3.13.15/include/python3.13/pyconfig.h:1445:9: note: previous definition is here
 1445 | #define HAVE_SYS_STAT_H 1
      |         ^
In file included from /home/user/dev/FreeCAD/src/3rdParty/zipios++/fcollexceptions.cpp:2:
In file included from /home/user/dev/FreeCAD/src/3rdParty/zipios++/zipios-config.h:56:
/home/user/dev/FreeCAD/build/clang-profile/config.h:111:9: warning: 'HAVE_SYS_TYPES_H' macro redefined [-Wmacro-redefined]
  111 | #define HAVE_SYS_TYPES_H
      |         ^
/nix/store/h3l4z7p6wny3phbckwwhy1i2g52pdnj4-python3-3.13.15/include/python3.13/pyconfig.h:1472:9: note: previous definition is here
 1472 | #define HAVE_SYS_TYPES_H 1
      |         ^
In file included from /home/user/dev/FreeCAD/src/3rdParty/zipios++/fcollexceptions.cpp:2:
In file included from /home/user/dev/FreeCAD/src/3rdParty/zipios++/zipios-config.h:56:
/home/user/dev/FreeCAD/build/clang-profile/config.h:114:9: warning: 'HAVE_UNISTD_H' macro redefined [-Wmacro-redefined]
  114 | #define HAVE_UNISTD_H
      |         ^
/nix/store/h3l4z7p6wny3phbckwwhy1i2g52pdnj4-python3-3.13.15/include/python3.13/pyconfig.h:1543:9: note: previous definition is here
 1543 | #define HAVE_UNISTD_H 1
      |         ^
In file included from /home/user/dev/FreeCAD/src/3rdParty/zipios++/fcollexceptions.cpp:2:
In file included from /home/user/dev/FreeCAD/src/3rdParty/zipios++/zipios-config.h:56:
/home/user/dev/FreeCAD/build/clang-profile/config.h:141:9: warning: 'STDC_HEADERS' macro redefined [-Wmacro-redefined]
  141 | #define STDC_HEADERS
      |         ^
/nix/store/h3l4z7p6wny3phbckwwhy1i2g52pdnj4-python3-3.13.15/include/python3.13/pyconfig.h:1802:9: note: previous definition is here
 1802 | #define STDC_HEADERS 1
      |         ^
6 warnings generated.
In file included from /home/user/dev/FreeCAD/src/3rdParty/zipios++/fcoll.cpp:2:
In file included from /home/user/dev/FreeCAD/src/3rdParty/zipios++/zipios-config.h:56:
/home/user/dev/FreeCAD/build/clang-profile/config.h:12:9: warning: 'HAVE_DLFCN_H' macro redefined [-Wmacro-redefined]
   12 | #define HAVE_DLFCN_H
      |         ^
/nix/store/h3l4z7p6wny3phbckwwhy1i2g52pdnj4-python3-3.13.15/include/python3.13/pyconfig.h:304:9: note: previous definition is here
  304 | #define HAVE_DLFCN_H 1
      |         ^
In file included from /home/user/dev/FreeCAD/src/3rdParty/zipios++/fcoll.cpp:2:
In file included from /home/user/dev/FreeCAD/src/3rdParty/zipios++/zipios-config.h:56:
/home/user/dev/FreeCAD/build/clang-profile/config.h:81:9: warning: 'HAVE_STDINT_H' macro redefined [-Wmacro-redefined]
   81 | #define HAVE_STDINT_H
      |         ^
/nix/store/h3l4z7p6wny3phbckwwhy1i2g52pdnj4-python3-3.13.15/include/python3.13/pyconfig.h:1275:9: note: previous definition is here
 1275 | #define HAVE_STDINT_H 1
      |         ^
In file included from /home/user/dev/FreeCAD/src/3rdParty/zipios++/fcoll.cpp:2:
In file included from /home/user/dev/FreeCAD/src/3rdParty/zipios++/zipios-config.h:56:
/home/user/dev/FreeCAD/build/clang-profile/config.h:108:9: warning: 'HAVE_SYS_STAT_H' macro redefined [-Wmacro-redefined]
  108 | #define HAVE_SYS_STAT_H
      |         ^
/nix/store/h3l4z7p6wny3phbckwwhy1i2g52pdnj4-python3-3.13.15/include/python3.13/pyconfig.h:1445:9: note: previous definition is here
 1445 | #define HAVE_SYS_STAT_H 1
      |         ^
In file included from /home/user/dev/FreeCAD/src/3rdParty/zipios++/fcoll.cpp:2:
In file included from /home/user/dev/FreeCAD/src/3rdParty/zipios++/zipios-config.h:56:
/home/user/dev/FreeCAD/build/clang-profile/config.h:111:9: warning: 'HAVE_SYS_TYPES_H' macro redefined [-Wmacro-redefined]
  111 | #define HAVE_SYS_TYPES_H
      |         ^
/nix/store/h3l4z7p6wny3phbckwwhy1i2g52pdnj4-python3-3.13.15/include/python3.13/pyconfig.h:1472:9: note: previous definition is here
 1472 | #define HAVE_SYS_TYPES_H 1
      |         ^
In file included from /home/user/dev/FreeCAD/src/3rdParty/zipios++/fcoll.cpp:2:
In file included from /home/user/dev/FreeCAD/src/3rdParty/zipios++/zipios-config.h:56:
/home/user/dev/FreeCAD/build/clang-profile/config.h:114:9: warning: 'HAVE_UNISTD_H' macro redefined [-Wmacro-redefined]
  114 | #define HAVE_UNISTD_H
      |         ^
/nix/store/h3l4z7p6wny3phbckwwhy1i2g52pdnj4-python3-3.13.15/include/python3.13/pyconfig.h:1543:9: note: previous definition is here
 1543 | #define HAVE_UNISTD_H 1
      |         ^
In file included from /home/user/dev/FreeCAD/src/3rdParty/zipios++/fcoll.cpp:2:
In file included from /home/user/dev/FreeCAD/src/3rdParty/zipios++/zipios-config.h:56:
/home/user/dev/FreeCAD/build/clang-profile/config.h:141:9: warning: 'STDC_HEADERS' macro redefined [-Wmacro-redefined]
  141 | #define STDC_HEADERS
      |         ^
/nix/store/h3l4z7p6wny3phbckwwhy1i2g52pdnj4-python3-3.13.15/include/python3.13/pyconfig.h:1802:9: note: previous definition is here
 1802 | #define STDC_HEADERS 1
      |         ^
6 warnings generated.
In file included from /home/user/dev/FreeCAD/src/3rdParty/zipios++/filepath.cpp:2:
In file included from /home/user/dev/FreeCAD/src/3rdParty/zipios++/zipios-config.h:56:
/home/user/dev/FreeCAD/build/clang-profile/config.h:12:9: warning: 'HAVE_DLFCN_H' macro redefined [-Wmacro-redefined]
   12 | #define HAVE_DLFCN_H
      |         ^
/nix/store/h3l4z7p6wny3phbckwwhy1i2g52pdnj4-python3-3.13.15/include/python3.13/pyconfig.h:304:9: note: previous definition is here
  304 | #define HAVE_DLFCN_H 1
      |         ^
In file included from /home/user/dev/FreeCAD/src/3rdParty/zipios++/filepath.cpp:2:
In file included from /home/user/dev/FreeCAD/src/3rdParty/zipios++/zipios-config.h:56:
/home/user/dev/FreeCAD/build/clang-profile/config.h:81:9: warning: 'HAVE_STDINT_H' macro redefined [-Wmacro-redefined]
   81 | #define HAVE_STDINT_H
      |         ^
/nix/store/h3l4z7p6wny3phbckwwhy1i2g52pdnj4-python3-3.13.15/include/python3.13/pyconfig.h:1275:9: note: previous definition is here
 1275 | #define HAVE_STDINT_H 1
      |         ^
In file included from /home/user/dev/FreeCAD/src/3rdParty/zipios++/filepath.cpp:2:
In file included from /home/user/dev/FreeCAD/src/3rdParty/zipios++/zipios-config.h:56:
/home/user/dev/FreeCAD/build/clang-profile/config.h:108:9: warning: 'HAVE_SYS_STAT_H' macro redefined [-Wmacro-redefined]
  108 | #define HAVE_SYS_STAT_H
      |         ^
/nix/store/h3l4z7p6wny3phbckwwhy1i2g52pdnj4-python3-3.13.15/include/python3.13/pyconfig.h:1445:9: note: previous definition is here
 1445 | #define HAVE_SYS_STAT_H 1
      |         ^
In file included from /home/user/dev/FreeCAD/src/3rdParty/zipios++/filepath.cpp:2:
In file included from /home/user/dev/FreeCAD/src/3rdParty/zipios++/zipios-config.h:56:
/home/user/dev/FreeCAD/build/clang-profile/config.h:111:9: warning: 'HAVE_SYS_TYPES_H' macro redefined [-Wmacro-redefined]
  111 | #define HAVE_SYS_TYPES_H
      |         ^
/nix/store/h3l4z7p6wny3phbckwwhy1i2g52pdnj4-python3-3.13.15/include/python3.13/pyconfig.h:1472:9: note: previous definition is here
 1472 | #define HAVE_SYS_TYPES_H 1
      |         ^
In file included from /home/user/dev/FreeCAD/src/3rdParty/zipios++/filepath.cpp:2:
In file included from /home/user/dev/FreeCAD/src/3rdParty/zipios++/zipios-config.h:56:
/home/user/dev/FreeCAD/build/clang-profile/config.h:114:9: warning: 'HAVE_UNISTD_H' macro redefined [-Wmacro-redefined]
  114 | #define HAVE_UNISTD_H
      |         ^
/nix/store/h3l4z7p6wny3phbckwwhy1i2g52pdnj4-python3-3.13.15/include/python3.13/pyconfig.h:1543:9: note: previous definition is here
 1543 | #define HAVE_UNISTD_H 1
      |         ^
In file included from /home/user/dev/FreeCAD/src/3rdParty/zipios++/filepath.cpp:2:
In file included from /home/user/dev/FreeCAD/src/3rdParty/zipios++/zipios-config.h:56:
/home/user/dev/FreeCAD/build/clang-profile/config.h:141:9: warning: 'STDC_HEADERS' macro redefined [-Wmacro-redefined]
  141 | #define STDC_HEADERS
      |         ^
/nix/store/h3l4z7p6wny3phbckwwhy1i2g52pdnj4-python3-3.13.15/include/python3.13/pyconfig.h:1802:9: note: previous definition is here
 1802 | #define STDC_HEADERS 1
      |         ^
6 warnings generated.
In file included from /home/user/dev/FreeCAD/src/3rdParty/zipios++/filterinputstreambuf.cpp:2:
In file included from /home/user/dev/FreeCAD/src/3rdParty/zipios++/zipios-config.h:56:
/home/user/dev/FreeCAD/build/clang-profile/config.h:12:9: warning: 'HAVE_DLFCN_H' macro redefined [-Wmacro-redefined]
   12 | #define HAVE_DLFCN_H
      |         ^
/nix/store/h3l4z7p6wny3phbckwwhy1i2g52pdnj4-python3-3.13.15/include/python3.13/pyconfig.h:304:9: note: previous definition is here
  304 | #define HAVE_DLFCN_H 1
      |         ^
In file included from /home/user/dev/FreeCAD/src/3rdParty/zipios++/filterinputstreambuf.cpp:2:
In file included from /home/user/dev/FreeCAD/src/3rdParty/zipios++/zipios-config.h:56:
/home/user/dev/FreeCAD/build/clang-profile/config.h:81:9: warning: 'HAVE_STDINT_H' macro redefined [-Wmacro-redefined]
   81 | #define HAVE_STDINT_H
      |         ^
/nix/store/h3l4z7p6wny3phbckwwhy1i2g52pdnj4-python3-3.13.15/include/python3.13/pyconfig.h:1275:9: note: previous definition is here
 1275 | #define HAVE_STDINT_H 1
      |         ^
In file included from /home/user/dev/FreeCAD/src/3rdParty/zipios++/filterinputstreambuf.cpp:2:
In file included from /home/user/dev/FreeCAD/src/3rdParty/zipios++/zipios-config.h:56:
/home/user/dev/FreeCAD/build/clang-profile/config.h:108:9: warning: 'HAVE_SYS_STAT_H' macro redefined [-Wmacro-redefined]
  108 | #define HAVE_SYS_STAT_H
      |         ^
/nix/store/h3l4z7p6wny3phbckwwhy1i2g52pdnj4-python3-3.13.15/include/python3.13/pyconfig.h:1445:9: note: previous definition is here
 1445 | #define HAVE_SYS_STAT_H 1
      |         ^
In file included from /home/user/dev/FreeCAD/src/3rdParty/zipios++/filterinputstreambuf.cpp:2:
In file included from /home/user/dev/FreeCAD/src/3rdParty/zipios++/zipios-config.h:56:
/home/user/dev/FreeCAD/build/clang-profile/config.h:111:9: warning: 'HAVE_SYS_TYPES_H' macro redefined [-Wmacro-redefined]
  111 | #define HAVE_SYS_TYPES_H
      |         ^
/nix/store/h3l4z7p6wny3phbckwwhy1i2g52pdnj4-python3-3.13.15/include/python3.13/pyconfig.h:1472:9: note: previous definition is here
 1472 | #define HAVE_SYS_TYPES_H 1
      |         ^
In file included from /home/user/dev/FreeCAD/src/3rdParty/zipios++/filterinputstreambuf.cpp:2:
In file included from /home/user/dev/FreeCAD/src/3rdParty/zipios++/zipios-config.h:56:
/home/user/dev/FreeCAD/build/clang-profile/config.h:114:9: warning: 'HAVE_UNISTD_H' macro redefined [-Wmacro-redefined]
  114 | #define HAVE_UNISTD_H
      |         ^
/nix/store/h3l4z7p6wny3phbckwwhy1i2g52pdnj4-python3-3.13.15/include/python3.13/pyconfig.h:1543:9: note: previous definition is here
 1543 | #define HAVE_UNISTD_H 1
      |         ^
In file included from /home/user/dev/FreeCAD/src/3rdParty/zipios++/filterinputstreambuf.cpp:2:
In file included from /home/user/dev/FreeCAD/src/3rdParty/zipios++/zipios-config.h:56:
/home/user/dev/FreeCAD/build/clang-profile/config.h:141:9: warning: 'STDC_HEADERS' macro redefined [-Wmacro-redefined]
  141 | #define STDC_HEADERS
      |         ^
/nix/store/h3l4z7p6wny3phbckwwhy1i2g52pdnj4-python3-3.13.15/include/python3.13/pyconfig.h:1802:9: note: previous definition is here
 1802 | #define STDC_HEADERS 1
      |         ^
6 warnings generated.
In file included from /home/user/dev/FreeCAD/src/3rdParty/zipios++/filteroutputstreambuf.cpp:2:
In file included from /home/user/dev/FreeCAD/src/3rdParty/zipios++/zipios-config.h:56:
/home/user/dev/FreeCAD/build/clang-profile/config.h:12:9: warning: 'HAVE_DLFCN_H' macro redefined [-Wmacro-redefined]
   12 | #define HAVE_DLFCN_H
      |         ^
/nix/store/h3l4z7p6wny3phbckwwhy1i2g52pdnj4-python3-3.13.15/include/python3.13/pyconfig.h:304:9: note: previous definition is here
  304 | #define HAVE_DLFCN_H 1
      |         ^
In file included from /home/user/dev/FreeCAD/src/3rdParty/zipios++/filteroutputstreambuf.cpp:2:
In file included from /home/user/dev/FreeCAD/src/3rdParty/zipios++/zipios-config.h:56:
/home/user/dev/FreeCAD/build/clang-profile/config.h:81:9: warning: 'HAVE_STDINT_H' macro redefined [-Wmacro-redefined]
   81 | #define HAVE_STDINT_H
      |         ^
/nix/store/h3l4z7p6wny3phbckwwhy1i2g52pdnj4-python3-3.13.15/include/python3.13/pyconfig.h:1275:9: note: previous definition is here
 1275 | #define HAVE_STDINT_H 1
      |         ^
In file included from /home/user/dev/FreeCAD/src/3rdParty/zipios++/filteroutputstreambuf.cpp:2:
In file included from /home/user/dev/FreeCAD/src/3rdParty/zipios++/zipios-config.h:56:
/home/user/dev/FreeCAD/build/clang-profile/config.h:108:9: warning: 'HAVE_SYS_STAT_H' macro redefined [-Wmacro-redefined]
  108 | #define HAVE_SYS_STAT_H
      |         ^
/nix/store/h3l4z7p6wny3phbckwwhy1i2g52pdnj4-python3-3.13.15/include/python3.13/pyconfig.h:1445:9: note: previous definition is here
 1445 | #define HAVE_SYS_STAT_H 1
      |         ^
In file included from /home/user/dev/FreeCAD/src/3rdParty/zipios++/filteroutputstreambuf.cpp:2:
In file included from /home/user/dev/FreeCAD/src/3rdParty/zipios++/zipios-config.h:56:
/home/user/dev/FreeCAD/build/clang-profile/config.h:111:9: warning: 'HAVE_SYS_TYPES_H' macro redefined [-Wmacro-redefined]
  111 | #define HAVE_SYS_TYPES_H
      |         ^
/nix/store/h3l4z7p6wny3phbckwwhy1i2g52pdnj4-python3-3.13.15/include/python3.13/pyconfig.h:1472:9: note: previous definition is here
 1472 | #define HAVE_SYS_TYPES_H 1
      |         ^
In file included from /home/user/dev/FreeCAD/src/3rdParty/zipios++/filteroutputstreambuf.cpp:2:
In file included from /home/user/dev/FreeCAD/src/3rdParty/zipios++/zipios-config.h:56:
/home/user/dev/FreeCAD/build/clang-profile/config.h:114:9: warning: 'HAVE_UNISTD_H' macro redefined [-Wmacro-redefined]
  114 | #define HAVE_UNISTD_H
      |         ^
/nix/store/h3l4z7p6wny3phbckwwhy1i2g52pdnj4-python3-3.13.15/include/python3.13/pyconfig.h:1543:9: note: previous definition is here
 1543 | #define HAVE_UNISTD_H 1
      |         ^
In file included from /home/user/dev/FreeCAD/src/3rdParty/zipios++/filteroutputstreambuf.cpp:2:
In file included from /home/user/dev/FreeCAD/src/3rdParty/zipios++/zipios-config.h:56:
/home/user/dev/FreeCAD/build/clang-profile/config.h:141:9: warning: 'STDC_HEADERS' macro redefined [-Wmacro-redefined]
  141 | #define STDC_HEADERS
      |         ^
/nix/store/h3l4z7p6wny3phbckwwhy1i2g52pdnj4-python3-3.13.15/include/python3.13/pyconfig.h:1802:9: note: previous definition is here
 1802 | #define STDC_HEADERS 1
      |         ^
6 warnings generated.
In file included from /home/user/dev/FreeCAD/src/3rdParty/zipios++/gzipoutputstream.cpp:2:
In file included from /home/user/dev/FreeCAD/src/3rdParty/zipios++/zipios-config.h:56:
/home/user/dev/FreeCAD/build/clang-profile/config.h:12:9: warning: 'HAVE_DLFCN_H' macro redefined [-Wmacro-redefined]
   12 | #define HAVE_DLFCN_H
      |         ^
/nix/store/h3l4z7p6wny3phbckwwhy1i2g52pdnj4-python3-3.13.15/include/python3.13/pyconfig.h:304:9: note: previous definition is here
  304 | #define HAVE_DLFCN_H 1
      |         ^
In file included from /home/user/dev/FreeCAD/src/3rdParty/zipios++/gzipoutputstream.cpp:2:
In file included from /home/user/dev/FreeCAD/src/3rdParty/zipios++/zipios-config.h:56:
/home/user/dev/FreeCAD/build/clang-profile/config.h:81:9: warning: 'HAVE_STDINT_H' macro redefined [-Wmacro-redefined]
   81 | #define HAVE_STDINT_H
      |         ^
/nix/store/h3l4z7p6wny3phbckwwhy1i2g52pdnj4-python3-3.13.15/include/python3.13/pyconfig.h:1275:9: note: previous definition is here
 1275 | #define HAVE_STDINT_H 1
      |         ^
In file included from /home/user/dev/FreeCAD/src/3rdParty/zipios++/gzipoutputstream.cpp:2:
In file included from /home/user/dev/FreeCAD/src/3rdParty/zipios++/zipios-config.h:56:
/home/user/dev/FreeCAD/build/clang-profile/config.h:108:9: warning: 'HAVE_SYS_STAT_H' macro redefined [-Wmacro-redefined]
  108 | #define HAVE_SYS_STAT_H
      |         ^
/nix/store/h3l4z7p6wny3phbckwwhy1i2g52pdnj4-python3-3.13.15/include/python3.13/pyconfig.h:1445:9: note: previous definition is here
 1445 | #define HAVE_SYS_STAT_H 1
      |         ^
In file included from /home/user/dev/FreeCAD/src/3rdParty/zipios++/gzipoutputstream.cpp:2:
In file included from /home/user/dev/FreeCAD/src/3rdParty/zipios++/zipios-config.h:56:
/home/user/dev/FreeCAD/build/clang-profile/config.h:111:9: warning: 'HAVE_SYS_TYPES_H' macro redefined [-Wmacro-redefined]
  111 | #define HAVE_SYS_TYPES_H
      |         ^
/nix/store/h3l4z7p6wny3phbckwwhy1i2g52pdnj4-python3-3.13.15/include/python3.13/pyconfig.h:1472:9: note: previous definition is here
 1472 | #define HAVE_SYS_TYPES_H 1
      |         ^
In file included from /home/user/dev/FreeCAD/src/3rdParty/zipios++/gzipoutputstream.cpp:2:
In file included from /home/user/dev/FreeCAD/src/3rdParty/zipios++/zipios-config.h:56:
/home/user/dev/FreeCAD/build/clang-profile/config.h:114:9: warning: 'HAVE_UNISTD_H' macro redefined [-Wmacro-redefined]
  114 | #define HAVE_UNISTD_H
      |         ^
/nix/store/h3l4z7p6wny3phbckwwhy1i2g52pdnj4-python3-3.13.15/include/python3.13/pyconfig.h:1543:9: note: previous definition is here
 1543 | #define HAVE_UNISTD_H 1
      |         ^
In file included from /home/user/dev/FreeCAD/src/3rdParty/zipios++/gzipoutputstream.cpp:2:
In file included from /home/user/dev/FreeCAD/src/3rdParty/zipios++/zipios-config.h:56:
/home/user/dev/FreeCAD/build/clang-profile/config.h:141:9: warning: 'STDC_HEADERS' macro redefined [-Wmacro-redefined]
  141 | #define STDC_HEADERS
      |         ^
/nix/store/h3l4z7p6wny3phbckwwhy1i2g52pdnj4-python3-3.13.15/include/python3.13/pyconfig.h:1802:9: note: previous definition is here
 1802 | #define STDC_HEADERS 1
      |         ^
6 warnings generated.
In file included from /home/user/dev/FreeCAD/src/3rdParty/zipios++/gzipoutputstreambuf.cpp:4:
In file included from /home/user/dev/FreeCAD/src/3rdParty/zipios++/zipios-config.h:56:
/home/user/dev/FreeCAD/build/clang-profile/config.h:12:9: warning: 'HAVE_DLFCN_H' macro redefined [-Wmacro-redefined]
   12 | #define HAVE_DLFCN_H
      |         ^
/nix/store/h3l4z7p6wny3phbckwwhy1i2g52pdnj4-python3-3.13.15/include/python3.13/pyconfig.h:304:9: note: previous definition is here
  304 | #define HAVE_DLFCN_H 1
      |         ^
In file included from /home/user/dev/FreeCAD/src/3rdParty/zipios++/gzipoutputstreambuf.cpp:4:
In file included from /home/user/dev/FreeCAD/src/3rdParty/zipios++/zipios-config.h:56:
/home/user/dev/FreeCAD/build/clang-profile/config.h:81:9: warning: 'HAVE_STDINT_H' macro redefined [-Wmacro-redefined]
   81 | #define HAVE_STDINT_H
      |         ^
/nix/store/h3l4z7p6wny3phbckwwhy1i2g52pdnj4-python3-3.13.15/include/python3.13/pyconfig.h:1275:9: note: previous definition is here
 1275 | #define HAVE_STDINT_H 1
      |         ^
In file included from /home/user/dev/FreeCAD/src/3rdParty/zipios++/gzipoutputstreambuf.cpp:4:
In file included from /home/user/dev/FreeCAD/src/3rdParty/zipios++/zipios-config.h:56:
/home/user/dev/FreeCAD/build/clang-profile/config.h:108:9: warning: 'HAVE_SYS_STAT_H' macro redefined [-Wmacro-redefined]
  108 | #define HAVE_SYS_STAT_H
      |         ^
/nix/store/h3l4z7p6wny3phbckwwhy1i2g52pdnj4-python3-3.13.15/include/python3.13/pyconfig.h:1445:9: note: previous definition is here
 1445 | #define HAVE_SYS_STAT_H 1
      |         ^
In file included from /home/user/dev/FreeCAD/src/3rdParty/zipios++/gzipoutputstreambuf.cpp:4:
In file included from /home/user/dev/FreeCAD/src/3rdParty/zipios++/zipios-config.h:56:
/home/user/dev/FreeCAD/build/clang-profile/config.h:111:9: warning: 'HAVE_SYS_TYPES_H' macro redefined [-Wmacro-redefined]
  111 | #define HAVE_SYS_TYPES_H
      |         ^
/nix/store/h3l4z7p6wny3phbckwwhy1i2g52pdnj4-python3-3.13.15/include/python3.13/pyconfig.h:1472:9: note: previous definition is here
 1472 | #define HAVE_SYS_TYPES_H 1
      |         ^
In file included from /home/user/dev/FreeCAD/src/3rdParty/zipios++/gzipoutputstreambuf.cpp:4:
In file included from /home/user/dev/FreeCAD/src/3rdParty/zipios++/zipios-config.h:56:
/home/user/dev/FreeCAD/build/clang-profile/config.h:114:9: warning: 'HAVE_UNISTD_H' macro redefined [-Wmacro-redefined]
  114 | #define HAVE_UNISTD_H
      |         ^
/nix/store/h3l4z7p6wny3phbckwwhy1i2g52pdnj4-python3-3.13.15/include/python3.13/pyconfig.h:1543:9: note: previous definition is here
 1543 | #define HAVE_UNISTD_H 1
      |         ^
In file included from /home/user/dev/FreeCAD/src/3rdParty/zipios++/gzipoutputstreambuf.cpp:4:
In file included from /home/user/dev/FreeCAD/src/3rdParty/zipios++/zipios-config.h:56:
/home/user/dev/FreeCAD/build/clang-profile/config.h:141:9: warning: 'STDC_HEADERS' macro redefined [-Wmacro-redefined]
  141 | #define STDC_HEADERS
      |         ^
/nix/store/h3l4z7p6wny3phbckwwhy1i2g52pdnj4-python3-3.13.15/include/python3.13/pyconfig.h:1802:9: note: previous definition is here
 1802 | #define STDC_HEADERS 1
      |         ^
6 warnings generated.
In file included from /home/user/dev/FreeCAD/src/3rdParty/zipios++/inflateinputstreambuf.cpp:2:
In file included from /home/user/dev/FreeCAD/src/3rdParty/zipios++/zipios-config.h:56:
/home/user/dev/FreeCAD/build/clang-profile/config.h:12:9: warning: 'HAVE_DLFCN_H' macro redefined [-Wmacro-redefined]
   12 | #define HAVE_DLFCN_H
      |         ^
/nix/store/h3l4z7p6wny3phbckwwhy1i2g52pdnj4-python3-3.13.15/include/python3.13/pyconfig.h:304:9: note: previous definition is here
  304 | #define HAVE_DLFCN_H 1
      |         ^
In file included from /home/user/dev/FreeCAD/src/3rdParty/zipios++/inflateinputstreambuf.cpp:2:
In file included from /home/user/dev/FreeCAD/src/3rdParty/zipios++/zipios-config.h:56:
/home/user/dev/FreeCAD/build/clang-profile/config.h:81:9: warning: 'HAVE_STDINT_H' macro redefined [-Wmacro-redefined]
   81 | #define HAVE_STDINT_H
      |         ^
/nix/store/h3l4z7p6wny3phbckwwhy1i2g52pdnj4-python3-3.13.15/include/python3.13/pyconfig.h:1275:9: note: previous definition is here
 1275 | #define HAVE_STDINT_H 1
      |         ^
In file included from /home/user/dev/FreeCAD/src/3rdParty/zipios++/inflateinputstreambuf.cpp:2:
In file included from /home/user/dev/FreeCAD/src/3rdParty/zipios++/zipios-config.h:56:
/home/user/dev/FreeCAD/build/clang-profile/config.h:108:9: warning: 'HAVE_SYS_STAT_H' macro redefined [-Wmacro-redefined]
  108 | #define HAVE_SYS_STAT_H
      |         ^
/nix/store/h3l4z7p6wny3phbckwwhy1i2g52pdnj4-python3-3.13.15/include/python3.13/pyconfig.h:1445:9: note: previous definition is here
 1445 | #define HAVE_SYS_STAT_H 1
      |         ^
In file included from /home/user/dev/FreeCAD/src/3rdParty/zipios++/inflateinputstreambuf.cpp:2:
In file included from /home/user/dev/FreeCAD/src/3rdParty/zipios++/zipios-config.h:56:
/home/user/dev/FreeCAD/build/clang-profile/config.h:111:9: warning: 'HAVE_SYS_TYPES_H' macro redefined [-Wmacro-redefined]
  111 | #define HAVE_SYS_TYPES_H
      |         ^
/nix/store/h3l4z7p6wny3phbckwwhy1i2g52pdnj4-python3-3.13.15/include/python3.13/pyconfig.h:1472:9: note: previous definition is here
 1472 | #define HAVE_SYS_TYPES_H 1
      |         ^
In file included from /home/user/dev/FreeCAD/src/3rdParty/zipios++/inflateinputstreambuf.cpp:2:
In file included from /home/user/dev/FreeCAD/src/3rdParty/zipios++/zipios-config.h:56:
/home/user/dev/FreeCAD/build/clang-profile/config.h:114:9: warning: 'HAVE_UNISTD_H' macro redefined [-Wmacro-redefined]
  114 | #define HAVE_UNISTD_H
      |         ^
/nix/store/h3l4z7p6wny3phbckwwhy1i2g52pdnj4-python3-3.13.15/include/python3.13/pyconfig.h:1543:9: note: previous definition is here
 1543 | #define HAVE_UNISTD_H 1
      |         ^
In file included from /home/user/dev/FreeCAD/src/3rdParty/zipios++/inflateinputstreambuf.cpp:2:
In file included from /home/user/dev/FreeCAD/src/3rdParty/zipios++/zipios-config.h:56:
/home/user/dev/FreeCAD/build/clang-profile/config.h:141:9: warning: 'STDC_HEADERS' macro redefined [-Wmacro-redefined]
  141 | #define STDC_HEADERS
      |         ^
/nix/store/h3l4z7p6wny3phbckwwhy1i2g52pdnj4-python3-3.13.15/include/python3.13/pyconfig.h:1802:9: note: previous definition is here
 1802 | #define STDC_HEADERS 1
      |         ^
6 warnings generated.
In file included from /home/user/dev/FreeCAD/src/3rdParty/zipios++/zipinputstream.cpp:2:
In file included from /home/user/dev/FreeCAD/src/3rdParty/zipios++/zipios-config.h:56:
/home/user/dev/FreeCAD/build/clang-profile/config.h:12:9: warning: 'HAVE_DLFCN_H' macro redefined [-Wmacro-redefined]
   12 | #define HAVE_DLFCN_H
      |         ^
/nix/store/h3l4z7p6wny3phbckwwhy1i2g52pdnj4-python3-3.13.15/include/python3.13/pyconfig.h:304:9: note: previous definition is here
  304 | #define HAVE_DLFCN_H 1
      |         ^
In file included from /home/user/dev/FreeCAD/src/3rdParty/zipios++/zipinputstream.cpp:2:
In file included from /home/user/dev/FreeCAD/src/3rdParty/zipios++/zipios-config.h:56:
/home/user/dev/FreeCAD/build/clang-profile/config.h:81:9: warning: 'HAVE_STDINT_H' macro redefined [-Wmacro-redefined]
   81 | #define HAVE_STDINT_H
      |         ^
/nix/store/h3l4z7p6wny3phbckwwhy1i2g52pdnj4-python3-3.13.15/include/python3.13/pyconfig.h:1275:9: note: previous definition is here
 1275 | #define HAVE_STDINT_H 1
      |         ^
In file included from /home/user/dev/FreeCAD/src/3rdParty/zipios++/zipinputstream.cpp:2:
In file included from /home/user/dev/FreeCAD/src/3rdParty/zipios++/zipios-config.h:56:
/home/user/dev/FreeCAD/build/clang-profile/config.h:108:9: warning: 'HAVE_SYS_STAT_H' macro redefined [-Wmacro-redefined]
  108 | #define HAVE_SYS_STAT_H
      |         ^
/nix/store/h3l4z7p6wny3phbckwwhy1i2g52pdnj4-python3-3.13.15/include/python3.13/pyconfig.h:1445:9: note: previous definition is here
 1445 | #define HAVE_SYS_STAT_H 1
      |         ^
In file included from /home/user/dev/FreeCAD/src/3rdParty/zipios++/zipinputstream.cpp:2:
In file included from /home/user/dev/FreeCAD/src/3rdParty/zipios++/zipios-config.h:56:
/home/user/dev/FreeCAD/build/clang-profile/config.h:111:9: warning: 'HAVE_SYS_TYPES_H' macro redefined [-Wmacro-redefined]
  111 | #define HAVE_SYS_TYPES_H
      |         ^
/nix/store/h3l4z7p6wny3phbckwwhy1i2g52pdnj4-python3-3.13.15/include/python3.13/pyconfig.h:1472:9: note: previous definition is here
 1472 | #define HAVE_SYS_TYPES_H 1
      |         ^
In file included from /home/user/dev/FreeCAD/src/3rdParty/zipios++/zipinputstream.cpp:2:
In file included from /home/user/dev/FreeCAD/src/3rdParty/zipios++/zipios-config.h:56:
/home/user/dev/FreeCAD/build/clang-profile/config.h:114:9: warning: 'HAVE_UNISTD_H' macro redefined [-Wmacro-redefined]
  114 | #define HAVE_UNISTD_H
      |         ^
/nix/store/h3l4z7p6wny3phbckwwhy1i2g52pdnj4-python3-3.13.15/include/python3.13/pyconfig.h:1543:9: note: previous definition is here
 1543 | #define HAVE_UNISTD_H 1
      |         ^
In file included from /home/user/dev/FreeCAD/src/3rdParty/zipios++/zipinputstream.cpp:2:
In file included from /home/user/dev/FreeCAD/src/3rdParty/zipios++/zipios-config.h:56:
/home/user/dev/FreeCAD/build/clang-profile/config.h:141:9: warning: 'STDC_HEADERS' macro redefined [-Wmacro-redefined]
  141 | #define STDC_HEADERS
      |         ^
/nix/store/h3l4z7p6wny3phbckwwhy1i2g52pdnj4-python3-3.13.15/include/python3.13/pyconfig.h:1802:9: note: previous definition is here
 1802 | #define STDC_HEADERS 1
      |         ^
6 warnings generated.
In file included from /home/user/dev/FreeCAD/src/3rdParty/zipios++/zipheadio.cpp:2:
In file included from /home/user/dev/FreeCAD/src/3rdParty/zipios++/zipios-config.h:56:
/home/user/dev/FreeCAD/build/clang-profile/config.h:12:9: warning: 'HAVE_DLFCN_H' macro redefined [-Wmacro-redefined]
   12 | #define HAVE_DLFCN_H
      |         ^
/nix/store/h3l4z7p6wny3phbckwwhy1i2g52pdnj4-python3-3.13.15/include/python3.13/pyconfig.h:304:9: note: previous definition is here
  304 | #define HAVE_DLFCN_H 1
      |         ^
In file included from /home/user/dev/FreeCAD/src/3rdParty/zipios++/zipheadio.cpp:2:
In file included from /home/user/dev/FreeCAD/src/3rdParty/zipios++/zipios-config.h:56:
/home/user/dev/FreeCAD/build/clang-profile/config.h:81:9: warning: 'HAVE_STDINT_H' macro redefined [-Wmacro-redefined]
   81 | #define HAVE_STDINT_H
      |         ^
/nix/store/h3l4z7p6wny3phbckwwhy1i2g52pdnj4-python3-3.13.15/include/python3.13/pyconfig.h:1275:9: note: previous definition is here
 1275 | #define HAVE_STDINT_H 1
      |         ^
In file included from /home/user/dev/FreeCAD/src/3rdParty/zipios++/zipheadio.cpp:2:
In file included from /home/user/dev/FreeCAD/src/3rdParty/zipios++/zipios-config.h:56:
/home/user/dev/FreeCAD/build/clang-profile/config.h:108:9: warning: 'HAVE_SYS_STAT_H' macro redefined [-Wmacro-redefined]
  108 | #define HAVE_SYS_STAT_H
      |         ^
/nix/store/h3l4z7p6wny3phbckwwhy1i2g52pdnj4-python3-3.13.15/include/python3.13/pyconfig.h:1445:9: note: previous definition is here
 1445 | #define HAVE_SYS_STAT_H 1
      |         ^
In file included from /home/user/dev/FreeCAD/src/3rdParty/zipios++/zipheadio.cpp:2:
In file included from /home/user/dev/FreeCAD/src/3rdParty/zipios++/zipios-config.h:56:
/home/user/dev/FreeCAD/build/clang-profile/config.h:111:9: warning: 'HAVE_SYS_TYPES_H' macro redefined [-Wmacro-redefined]
  111 | #define HAVE_SYS_TYPES_H
      |         ^
/nix/store/h3l4z7p6wny3phbckwwhy1i2g52pdnj4-python3-3.13.15/include/python3.13/pyconfig.h:1472:9: note: previous definition is here
 1472 | #define HAVE_SYS_TYPES_H 1
      |         ^
In file included from /home/user/dev/FreeCAD/src/3rdParty/zipios++/zipheadio.cpp:2:
In file included from /home/user/dev/FreeCAD/src/3rdParty/zipios++/zipios-config.h:56:
/home/user/dev/FreeCAD/build/clang-profile/config.h:114:9: warning: 'HAVE_UNISTD_H' macro redefined [-Wmacro-redefined]
  114 | #define HAVE_UNISTD_H
      |         ^
/nix/store/h3l4z7p6wny3phbckwwhy1i2g52pdnj4-python3-3.13.15/include/python3.13/pyconfig.h:1543:9: note: previous definition is here
 1543 | #define HAVE_UNISTD_H 1
      |         ^
In file included from /home/user/dev/FreeCAD/src/3rdParty/zipios++/zipheadio.cpp:2:
In file included from /home/user/dev/FreeCAD/src/3rdParty/zipios++/zipios-config.h:56:
/home/user/dev/FreeCAD/build/clang-profile/config.h:141:9: warning: 'STDC_HEADERS' macro redefined [-Wmacro-redefined]
  141 | #define STDC_HEADERS
      |         ^
/nix/store/h3l4z7p6wny3phbckwwhy1i2g52pdnj4-python3-3.13.15/include/python3.13/pyconfig.h:1802:9: note: previous definition is here
 1802 | #define STDC_HEADERS 1
      |         ^
6 warnings generated.
In file included from /home/user/dev/FreeCAD/src/3rdParty/zipios++/ziphead.cpp:2:
In file included from /home/user/dev/FreeCAD/src/3rdParty/zipios++/zipios-config.h:56:
/home/user/dev/FreeCAD/build/clang-profile/config.h:12:9: warning: 'HAVE_DLFCN_H' macro redefined [-Wmacro-redefined]
   12 | #define HAVE_DLFCN_H
      |         ^
/nix/store/h3l4z7p6wny3phbckwwhy1i2g52pdnj4-python3-3.13.15/include/python3.13/pyconfig.h:304:9: note: previous definition is here
  304 | #define HAVE_DLFCN_H 1
      |         ^
In file included from /home/user/dev/FreeCAD/src/3rdParty/zipios++/ziphead.cpp:2:
In file included from /home/user/dev/FreeCAD/src/3rdParty/zipios++/zipios-config.h:56:
/home/user/dev/FreeCAD/build/clang-profile/config.h:81:9: warning: 'HAVE_STDINT_H' macro redefined [-Wmacro-redefined]
   81 | #define HAVE_STDINT_H
      |         ^
/nix/store/h3l4z7p6wny3phbckwwhy1i2g52pdnj4-python3-3.13.15/include/python3.13/pyconfig.h:1275:9: note: previous definition is here
 1275 | #define HAVE_STDINT_H 1
      |         ^
In file included from /home/user/dev/FreeCAD/src/3rdParty/zipios++/ziphead.cpp:2:
In file included from /home/user/dev/FreeCAD/src/3rdParty/zipios++/zipios-config.h:56:
/home/user/dev/FreeCAD/build/clang-profile/config.h:108:9: warning: 'HAVE_SYS_STAT_H' macro redefined [-Wmacro-redefined]
  108 | #define HAVE_SYS_STAT_H
      |         ^
/nix/store/h3l4z7p6wny3phbckwwhy1i2g52pdnj4-python3-3.13.15/include/python3.13/pyconfig.h:1445:9: note: previous definition is here
 1445 | #define HAVE_SYS_STAT_H 1
      |         ^
In file included from /home/user/dev/FreeCAD/src/3rdParty/zipios++/ziphead.cpp:2:
In file included from /home/user/dev/FreeCAD/src/3rdParty/zipios++/zipios-config.h:56:
/home/user/dev/FreeCAD/build/clang-profile/config.h:111:9: warning: 'HAVE_SYS_TYPES_H' macro redefined [-Wmacro-redefined]
  111 | #define HAVE_SYS_TYPES_H
      |         ^
/nix/store/h3l4z7p6wny3phbckwwhy1i2g52pdnj4-python3-3.13.15/include/python3.13/pyconfig.h:1472:9: note: previous definition is here
 1472 | #define HAVE_SYS_TYPES_H 1
      |         ^
In file included from /home/user/dev/FreeCAD/src/3rdParty/zipios++/ziphead.cpp:2:
In file included from /home/user/dev/FreeCAD/src/3rdParty/zipios++/zipios-config.h:56:
/home/user/dev/FreeCAD/build/clang-profile/config.h:114:9: warning: 'HAVE_UNISTD_H' macro redefined [-Wmacro-redefined]
  114 | #define HAVE_UNISTD_H
      |         ^
/nix/store/h3l4z7p6wny3phbckwwhy1i2g52pdnj4-python3-3.13.15/include/python3.13/pyconfig.h:1543:9: note: previous definition is here
 1543 | #define HAVE_UNISTD_H 1
      |         ^
In file included from /home/user/dev/FreeCAD/src/3rdParty/zipios++/ziphead.cpp:2:
In file included from /home/user/dev/FreeCAD/src/3rdParty/zipios++/zipios-config.h:56:
/home/user/dev/FreeCAD/build/clang-profile/config.h:141:9: warning: 'STDC_HEADERS' macro redefined [-Wmacro-redefined]
  141 | #define STDC_HEADERS
      |         ^
/nix/store/h3l4z7p6wny3phbckwwhy1i2g52pdnj4-python3-3.13.15/include/python3.13/pyconfig.h:1802:9: note: previous definition is here
 1802 | #define STDC_HEADERS 1
      |         ^
6 warnings generated.
In file included from /home/user/dev/FreeCAD/src/3rdParty/zipios++/zipfile.cpp:2:
In file included from /home/user/dev/FreeCAD/src/3rdParty/zipios++/zipios-config.h:56:
/home/user/dev/FreeCAD/build/clang-profile/config.h:12:9: warning: 'HAVE_DLFCN_H' macro redefined [-Wmacro-redefined]
   12 | #define HAVE_DLFCN_H
      |         ^
/nix/store/h3l4z7p6wny3phbckwwhy1i2g52pdnj4-python3-3.13.15/include/python3.13/pyconfig.h:304:9: note: previous definition is here
  304 | #define HAVE_DLFCN_H 1
      |         ^
In file included from /home/user/dev/FreeCAD/src/3rdParty/zipios++/zipfile.cpp:2:
In file included from /home/user/dev/FreeCAD/src/3rdParty/zipios++/zipios-config.h:56:
/home/user/dev/FreeCAD/build/clang-profile/config.h:81:9: warning: 'HAVE_STDINT_H' macro redefined [-Wmacro-redefined]
   81 | #define HAVE_STDINT_H
      |         ^
/nix/store/h3l4z7p6wny3phbckwwhy1i2g52pdnj4-python3-3.13.15/include/python3.13/pyconfig.h:1275:9: note: previous definition is here
 1275 | #define HAVE_STDINT_H 1
      |         ^
In file included from /home/user/dev/FreeCAD/src/3rdParty/zipios++/zipfile.cpp:2:
In file included from /home/user/dev/FreeCAD/src/3rdParty/zipios++/zipios-config.h:56:
/home/user/dev/FreeCAD/build/clang-profile/config.h:108:9: warning: 'HAVE_SYS_STAT_H' macro redefined [-Wmacro-redefined]
  108 | #define HAVE_SYS_STAT_H
      |         ^
/nix/store/h3l4z7p6wny3phbckwwhy1i2g52pdnj4-python3-3.13.15/include/python3.13/pyconfig.h:1445:9: note: previous definition is here
 1445 | #define HAVE_SYS_STAT_H 1
      |         ^
In file included from /home/user/dev/FreeCAD/src/3rdParty/zipios++/zipfile.cpp:2:
In file included from /home/user/dev/FreeCAD/src/3rdParty/zipios++/zipios-config.h:56:
/home/user/dev/FreeCAD/build/clang-profile/config.h:111:9: warning: 'HAVE_SYS_TYPES_H' macro redefined [-Wmacro-redefined]
  111 | #define HAVE_SYS_TYPES_H
      |         ^
/nix/store/h3l4z7p6wny3phbckwwhy1i2g52pdnj4-python3-3.13.15/include/python3.13/pyconfig.h:1472:9: note: previous definition is here
 1472 | #define HAVE_SYS_TYPES_H 1
      |         ^
In file included from /home/user/dev/FreeCAD/src/3rdParty/zipios++/zipfile.cpp:2:
In file included from /home/user/dev/FreeCAD/src/3rdParty/zipios++/zipios-config.h:56:
/home/user/dev/FreeCAD/build/clang-profile/config.h:114:9: warning: 'HAVE_UNISTD_H' macro redefined [-Wmacro-redefined]
  114 | #define HAVE_UNISTD_H
      |         ^
/nix/store/h3l4z7p6wny3phbckwwhy1i2g52pdnj4-python3-3.13.15/include/python3.13/pyconfig.h:1543:9: note: previous definition is here
 1543 | #define HAVE_UNISTD_H 1
      |         ^
In file included from /home/user/dev/FreeCAD/src/3rdParty/zipios++/zipfile.cpp:2:
In file included from /home/user/dev/FreeCAD/src/3rdParty/zipios++/zipios-config.h:56:
/home/user/dev/FreeCAD/build/clang-profile/config.h:141:9: warning: 'STDC_HEADERS' macro redefined [-Wmacro-redefined]
  141 | #define STDC_HEADERS
      |         ^
/nix/store/h3l4z7p6wny3phbckwwhy1i2g52pdnj4-python3-3.13.15/include/python3.13/pyconfig.h:1802:9: note: previous definition is here
 1802 | #define STDC_HEADERS 1
      |         ^
6 warnings generated.
In file included from /home/user/dev/FreeCAD/src/Base/CrashReporter/Writer.cpp:56:
/home/user/dev/FreeCAD/build/clang-profile/config.h:12:9: warning: 'HAVE_DLFCN_H' macro redefined [-Wmacro-redefined]
   12 | #define HAVE_DLFCN_H
      |         ^
/nix/store/h3l4z7p6wny3phbckwwhy1i2g52pdnj4-python3-3.13.15/include/python3.13/pyconfig.h:304:9: note: previous definition is here
  304 | #define HAVE_DLFCN_H 1
      |         ^
In file included from /home/user/dev/FreeCAD/src/Base/CrashReporter/Writer.cpp:56:
/home/user/dev/FreeCAD/build/clang-profile/config.h:81:9: warning: 'HAVE_STDINT_H' macro redefined [-Wmacro-redefined]
   81 | #define HAVE_STDINT_H
      |         ^
/nix/store/h3l4z7p6wny3phbckwwhy1i2g52pdnj4-python3-3.13.15/include/python3.13/pyconfig.h:1275:9: note: previous definition is here
 1275 | #define HAVE_STDINT_H 1
      |         ^
In file included from /home/user/dev/FreeCAD/src/Base/CrashReporter/Writer.cpp:56:
/home/user/dev/FreeCAD/build/clang-profile/config.h:108:9: warning: 'HAVE_SYS_STAT_H' macro redefined [-Wmacro-redefined]
  108 | #define HAVE_SYS_STAT_H
      |         ^
/nix/store/h3l4z7p6wny3phbckwwhy1i2g52pdnj4-python3-3.13.15/include/python3.13/pyconfig.h:1445:9: note: previous definition is here
 1445 | #define HAVE_SYS_STAT_H 1
      |         ^
In file included from /home/user/dev/FreeCAD/src/Base/CrashReporter/Writer.cpp:56:
/home/user/dev/FreeCAD/build/clang-profile/config.h:111:9: warning: 'HAVE_SYS_TYPES_H' macro redefined [-Wmacro-redefined]
  111 | #define HAVE_SYS_TYPES_H
      |         ^
/nix/store/h3l4z7p6wny3phbckwwhy1i2g52pdnj4-python3-3.13.15/include/python3.13/pyconfig.h:1472:9: note: previous definition is here
 1472 | #define HAVE_SYS_TYPES_H 1
      |         ^
In file included from /home/user/dev/FreeCAD/src/Base/CrashReporter/Writer.cpp:56:
/home/user/dev/FreeCAD/build/clang-profile/config.h:114:9: warning: 'HAVE_UNISTD_H' macro redefined [-Wmacro-redefined]
  114 | #define HAVE_UNISTD_H
      |         ^
/nix/store/h3l4z7p6wny3phbckwwhy1i2g52pdnj4-python3-3.13.15/include/python3.13/pyconfig.h:1543:9: note: previous definition is here
 1543 | #define HAVE_UNISTD_H 1
      |         ^
In file included from /home/user/dev/FreeCAD/src/Base/CrashReporter/Writer.cpp:56:
/home/user/dev/FreeCAD/build/clang-profile/config.h:141:9: warning: 'STDC_HEADERS' macro redefined [-Wmacro-redefined]
  141 | #define STDC_HEADERS
      |         ^
/nix/store/h3l4z7p6wny3phbckwwhy1i2g52pdnj4-python3-3.13.15/include/python3.13/pyconfig.h:1802:9: note: previous definition is here
 1802 | #define STDC_HEADERS 1
      |         ^
6 warnings generated.
In file included from /home/user/dev/FreeCAD/src/3rdParty/zipios++/zipinputstreambuf.cpp:2:
In file included from /home/user/dev/FreeCAD/src/3rdParty/zipios++/zipios-config.h:56:
/home/user/dev/FreeCAD/build/clang-profile/config.h:12:9: warning: 'HAVE_DLFCN_H' macro redefined [-Wmacro-redefined]
   12 | #define HAVE_DLFCN_H
      |         ^
/nix/store/h3l4z7p6wny3phbckwwhy1i2g52pdnj4-python3-3.13.15/include/python3.13/pyconfig.h:304:9: note: previous definition is here
  304 | #define HAVE_DLFCN_H 1
      |         ^
In file included from /home/user/dev/FreeCAD/src/3rdParty/zipios++/zipinputstreambuf.cpp:2:
In file included from /home/user/dev/FreeCAD/src/3rdParty/zipios++/zipios-config.h:56:
/home/user/dev/FreeCAD/build/clang-profile/config.h:81:9: warning: 'HAVE_STDINT_H' macro redefined [-Wmacro-redefined]
   81 | #define HAVE_STDINT_H
      |         ^
/nix/store/h3l4z7p6wny3phbckwwhy1i2g52pdnj4-python3-3.13.15/include/python3.13/pyconfig.h:1275:9: note: previous definition is here
 1275 | #define HAVE_STDINT_H 1
      |         ^
In file included from /home/user/dev/FreeCAD/src/3rdParty/zipios++/zipinputstreambuf.cpp:2:
In file included from /home/user/dev/FreeCAD/src/3rdParty/zipios++/zipios-config.h:56:
/home/user/dev/FreeCAD/build/clang-profile/config.h:108:9: warning: 'HAVE_SYS_STAT_H' macro redefined [-Wmacro-redefined]
  108 | #define HAVE_SYS_STAT_H
      |         ^
/nix/store/h3l4z7p6wny3phbckwwhy1i2g52pdnj4-python3-3.13.15/include/python3.13/pyconfig.h:1445:9: note: previous definition is here
 1445 | #define HAVE_SYS_STAT_H 1
      |         ^
In file included from /home/user/dev/FreeCAD/src/3rdParty/zipios++/zipinputstreambuf.cpp:2:
In file included from /home/user/dev/FreeCAD/src/3rdParty/zipios++/zipios-config.h:56:
/home/user/dev/FreeCAD/build/clang-profile/config.h:111:9: warning: 'HAVE_SYS_TYPES_H' macro redefined [-Wmacro-redefined]
  111 | #define HAVE_SYS_TYPES_H
      |         ^
/nix/store/h3l4z7p6wny3phbckwwhy1i2g52pdnj4-python3-3.13.15/include/python3.13/pyconfig.h:1472:9: note: previous definition is here
 1472 | #define HAVE_SYS_TYPES_H 1
      |         ^
In file included from /home/user/dev/FreeCAD/src/3rdParty/zipios++/zipinputstreambuf.cpp:2:
In file included from /home/user/dev/FreeCAD/src/3rdParty/zipios++/zipios-config.h:56:
/home/user/dev/FreeCAD/build/clang-profile/config.h:114:9: warning: 'HAVE_UNISTD_H' macro redefined [-Wmacro-redefined]
  114 | #define HAVE_UNISTD_H
      |         ^
/nix/store/h3l4z7p6wny3phbckwwhy1i2g52pdnj4-python3-3.13.15/include/python3.13/pyconfig.h:1543:9: note: previous definition is here
 1543 | #define HAVE_UNISTD_H 1
      |         ^
In file included from /home/user/dev/FreeCAD/src/3rdParty/zipios++/zipinputstreambuf.cpp:2:
In file included from /home/user/dev/FreeCAD/src/3rdParty/zipios++/zipios-config.h:56:
/home/user/dev/FreeCAD/build/clang-profile/config.h:141:9: warning: 'STDC_HEADERS' macro redefined [-Wmacro-redefined]
  141 | #define STDC_HEADERS
      |         ^
/nix/store/h3l4z7p6wny3phbckwwhy1i2g52pdnj4-python3-3.13.15/include/python3.13/pyconfig.h:1802:9: note: previous definition is here
 1802 | #define STDC_HEADERS 1
      |         ^
6 warnings generated.
In file included from /home/user/dev/FreeCAD/src/3rdParty/zipios++/zipoutputstream.cpp:2:
In file included from /home/user/dev/FreeCAD/src/3rdParty/zipios++/zipios-config.h:56:
/home/user/dev/FreeCAD/build/clang-profile/config.h:12:9: warning: 'HAVE_DLFCN_H' macro redefined [-Wmacro-redefined]
   12 | #define HAVE_DLFCN_H
      |         ^
/nix/store/h3l4z7p6wny3phbckwwhy1i2g52pdnj4-python3-3.13.15/include/python3.13/pyconfig.h:304:9: note: previous definition is here
  304 | #define HAVE_DLFCN_H 1
      |         ^
In file included from /home/user/dev/FreeCAD/src/3rdParty/zipios++/zipoutputstream.cpp:2:
In file included from /home/user/dev/FreeCAD/src/3rdParty/zipios++/zipios-config.h:56:
/home/user/dev/FreeCAD/build/clang-profile/config.h:81:9: warning: 'HAVE_STDINT_H' macro redefined [-Wmacro-redefined]
   81 | #define HAVE_STDINT_H
      |         ^
/nix/store/h3l4z7p6wny3phbckwwhy1i2g52pdnj4-python3-3.13.15/include/python3.13/pyconfig.h:1275:9: note: previous definition is here
 1275 | #define HAVE_STDINT_H 1
      |         ^
In file included from /home/user/dev/FreeCAD/src/3rdParty/zipios++/zipoutputstream.cpp:2:
In file included from /home/user/dev/FreeCAD/src/3rdParty/zipios++/zipios-config.h:56:
/home/user/dev/FreeCAD/build/clang-profile/config.h:108:9: warning: 'HAVE_SYS_STAT_H' macro redefined [-Wmacro-redefined]
  108 | #define HAVE_SYS_STAT_H
      |         ^
/nix/store/h3l4z7p6wny3phbckwwhy1i2g52pdnj4-python3-3.13.15/include/python3.13/pyconfig.h:1445:9: note: previous definition is here
 1445 | #define HAVE_SYS_STAT_H 1
      |         ^
In file included from /home/user/dev/FreeCAD/src/3rdParty/zipios++/zipoutputstream.cpp:2:
In file included from /home/user/dev/FreeCAD/src/3rdParty/zipios++/zipios-config.h:56:
/home/user/dev/FreeCAD/build/clang-profile/config.h:111:9: warning: 'HAVE_SYS_TYPES_H' macro redefined [-Wmacro-redefined]
  111 | #define HAVE_SYS_TYPES_H
      |         ^
/nix/store/h3l4z7p6wny3phbckwwhy1i2g52pdnj4-python3-3.13.15/include/python3.13/pyconfig.h:1472:9: note: previous definition is here
 1472 | #define HAVE_SYS_TYPES_H 1
      |         ^
In file included from /home/user/dev/FreeCAD/src/3rdParty/zipios++/zipoutputstream.cpp:2:
In file included from /home/user/dev/FreeCAD/src/3rdParty/zipios++/zipios-config.h:56:
/home/user/dev/FreeCAD/build/clang-profile/config.h:114:9: warning: 'HAVE_UNISTD_H' macro redefined [-Wmacro-redefined]
  114 | #define HAVE_UNISTD_H
      |         ^
/nix/store/h3l4z7p6wny3phbckwwhy1i2g52pdnj4-python3-3.13.15/include/python3.13/pyconfig.h:1543:9: note: previous definition is here
 1543 | #define HAVE_UNISTD_H 1
      |         ^
In file included from /home/user/dev/FreeCAD/src/3rdParty/zipios++/zipoutputstream.cpp:2:
In file included from /home/user/dev/FreeCAD/src/3rdParty/zipios++/zipios-config.h:56:
/home/user/dev/FreeCAD/build/clang-profile/config.h:141:9: warning: 'STDC_HEADERS' macro redefined [-Wmacro-redefined]
  141 | #define STDC_HEADERS
      |         ^
/nix/store/h3l4z7p6wny3phbckwwhy1i2g52pdnj4-python3-3.13.15/include/python3.13/pyconfig.h:1802:9: note: previous definition is here
 1802 | #define STDC_HEADERS 1
      |         ^
6 warnings generated.
In file included from /home/user/dev/FreeCAD/src/3rdParty/zipios++/zipoutputstreambuf.cpp:2:
In file included from /home/user/dev/FreeCAD/src/3rdParty/zipios++/zipios-config.h:56:
/home/user/dev/FreeCAD/build/clang-profile/config.h:12:9: warning: 'HAVE_DLFCN_H' macro redefined [-Wmacro-redefined]
   12 | #define HAVE_DLFCN_H
      |         ^
/nix/store/h3l4z7p6wny3phbckwwhy1i2g52pdnj4-python3-3.13.15/include/python3.13/pyconfig.h:304:9: note: previous definition is here
  304 | #define HAVE_DLFCN_H 1
      |         ^
In file included from /home/user/dev/FreeCAD/src/3rdParty/zipios++/zipoutputstreambuf.cpp:2:
In file included from /home/user/dev/FreeCAD/src/3rdParty/zipios++/zipios-config.h:56:
/home/user/dev/FreeCAD/build/clang-profile/config.h:81:9: warning: 'HAVE_STDINT_H' macro redefined [-Wmacro-redefined]
   81 | #define HAVE_STDINT_H
      |         ^
/nix/store/h3l4z7p6wny3phbckwwhy1i2g52pdnj4-python3-3.13.15/include/python3.13/pyconfig.h:1275:9: note: previous definition is here
 1275 | #define HAVE_STDINT_H 1
      |         ^
In file included from /home/user/dev/FreeCAD/src/3rdParty/zipios++/zipoutputstreambuf.cpp:2:
In file included from /home/user/dev/FreeCAD/src/3rdParty/zipios++/zipios-config.h:56:
/home/user/dev/FreeCAD/build/clang-profile/config.h:108:9: warning: 'HAVE_SYS_STAT_H' macro redefined [-Wmacro-redefined]
  108 | #define HAVE_SYS_STAT_H
      |         ^
/nix/store/h3l4z7p6wny3phbckwwhy1i2g52pdnj4-python3-3.13.15/include/python3.13/pyconfig.h:1445:9: note: previous definition is here
 1445 | #define HAVE_SYS_STAT_H 1
      |         ^
In file included from /home/user/dev/FreeCAD/src/3rdParty/zipios++/zipoutputstreambuf.cpp:2:
In file included from /home/user/dev/FreeCAD/src/3rdParty/zipios++/zipios-config.h:56:
/home/user/dev/FreeCAD/build/clang-profile/config.h:111:9: warning: 'HAVE_SYS_TYPES_H' macro redefined [-Wmacro-redefined]
  111 | #define HAVE_SYS_TYPES_H
      |         ^
/nix/store/h3l4z7p6wny3phbckwwhy1i2g52pdnj4-python3-3.13.15/include/python3.13/pyconfig.h:1472:9: note: previous definition is here
 1472 | #define HAVE_SYS_TYPES_H 1
      |         ^
In file included from /home/user/dev/FreeCAD/src/3rdParty/zipios++/zipoutputstreambuf.cpp:2:
In file included from /home/user/dev/FreeCAD/src/3rdParty/zipios++/zipios-config.h:56:
/home/user/dev/FreeCAD/build/clang-profile/config.h:114:9: warning: 'HAVE_UNISTD_H' macro redefined [-Wmacro-redefined]
  114 | #define HAVE_UNISTD_H
      |         ^
/nix/store/h3l4z7p6wny3phbckwwhy1i2g52pdnj4-python3-3.13.15/include/python3.13/pyconfig.h:1543:9: note: previous definition is here
 1543 | #define HAVE_UNISTD_H 1
      |         ^
In file included from /home/user/dev/FreeCAD/src/3rdParty/zipios++/zipoutputstreambuf.cpp:2:
In file included from /home/user/dev/FreeCAD/src/3rdParty/zipios++/zipios-config.h:56:
/home/user/dev/FreeCAD/build/clang-profile/config.h:141:9: warning: 'STDC_HEADERS' macro redefined [-Wmacro-redefined]
  141 | #define STDC_HEADERS
      |         ^
/nix/store/h3l4z7p6wny3phbckwwhy1i2g52pdnj4-python3-3.13.15/include/python3.13/pyconfig.h:1802:9: note: previous definition is here
 1802 | #define STDC_HEADERS 1
      |         ^
6 warnings generated.
