-- Compiler: Clang, version: 21.1.8
-- Force BOOST_PP_VARIADICS=1 for clang
-- prefix: /usr/local
-- bindir: bin
-- datadir: share
-- docdir: share/doc/FreeCAD
-- includedir: include
-- libdir: lib64
-- cmake: 4.1.6
-- Found pybind11: /nix/store/379d7crw7gl5320y8v0x9i162321hw1p-python3.13-pybind11-3.0.4/include (found version "3.0.4")
-- PyCXX found:
--   Headers:  /home/user/dev/FreeCAD/src/3rdParty/PyCXX
--   Sources:  /home/user/dev/FreeCAD/src/3rdParty/PyCXX/CXX
--   Version:  7.1.11
-- Found OpenCASCADE version: 7.9.3
--   OpenCASCADE include directory: /nix/store/njpvi46a41av7k4xqanvf94nawfci0f0-opencascade-occt-7.9.3/include/opencascade
--   OpenCASCADE shared libraries directory: /nix/store/njpvi46a41av7k4xqanvf94nawfci0f0-opencascade-occt-7.9.3/lib
-- VTK components: CommonCore;CommonDataModel;FiltersVerdict;IOXML;FiltersCore;FiltersGeneral;IOLegacy;FiltersExtraction;FiltersSources;FiltersGeometry;hdf5;FiltersParallelDIY2;RenderingCore;InteractionStyle;RenderingFreeType;RenderingOpenGL2
-- HDF5 C compiler wrapper is unable to compile a minimal HDF5 program.
-- Found HDF5: /nix/store/079x669sxgdkghj5b8bn0xf5yq9q6y9j-hdf5-cpp-1.14.6/lib/libhdf5.so (found version "1.14.6") found components: C HL
-- Passed find_package(HDF5) through (module mode)
-- Found X11: /nix/store/2xc76y8jf3wnazrvmqc7ivc811jpx6q3-xorgproto-2025.1/include
-- Looking for XOpenDisplay in /nix/store/2g9xwk5kis01003gynr7xfca667dpgv8-libx11-1.8.13/lib/libX11.so;/nix/store/c9asg9zdzspijnqay6jz1ddsxpaa2dvw-libxext-1.3.7/lib/libXext.so
-- Looking for XOpenDisplay in /nix/store/2g9xwk5kis01003gynr7xfca667dpgv8-libx11-1.8.13/lib/libX11.so;/nix/store/c9asg9zdzspijnqay6jz1ddsxpaa2dvw-libxext-1.3.7/lib/libXext.so - found
-- Looking for gethostbyname
-- Looking for gethostbyname - found
-- Looking for connect
-- Looking for connect - found
-- Looking for remove
-- Looking for remove - found
-- Looking for shmat
-- Looking for shmat - found
-- Looking for IceConnectionNumber in ICE
-- Looking for IceConnectionNumber in ICE - found
-- Found EXPAT: /nix/store/x99x6r4wr8bm9s4k2363xrl8n3palbv2-expat-2.8.3/lib/libexpat.so (found suitable version "2.8.3", minimum required is "2.5.0")
-- Found LZMA: /nix/store/yyl2a2i8fpnip00fqpw613znhxpqn3vy-xz-5.8.3/lib/liblzma.so (found version "5.8.3")
-- Found LZ4: /nix/store/262a1v2z92sbgqhh7k9n694hjbpvv3gy-lz4-1.10.0-lib/lib/liblz4.so (found version "1.10.0")
-- Found Eigen3: /nix/store/pvyj99kvphskpksxs8773916hl2xbj72-eigen-3.4.1/include/eigen3 (found version "3.4.1")
-- Found TIFF: /nix/store/kgfmz0xvqpmk0f8gff553m4z9xlabpvm-libtiff-4.7.2-dev/lib/cmake/tiff (found version "4.7.2")
-- Found PNG: /nix/store/w253vzqggrlgdgiz79q0mhwwz4q2ckzm-libpng-apng-1.6.58/lib/libpng.so (found version "1.6.58")
-- Found JPEG: /nix/store/91k0lrx7dvacq05b4sxibj0nc5gdh68x-libjpeg-turbo-3.1.4/lib/libjpeg.so (found version "62")
-- Found Freetype: /nix/store/j0lf3mglz0rsqzky9rvbasxl4x3f2nh2-freetype-2.14.3/lib/libfreetype.so (found version "2.14.3")
-- Found ExprTk: /nix/store/9f6x388n6xyyfvpv1y6djf7xi84mdvp8-exprtk-0.0.3/include (found suitable version "2.718281828459045235360287471352662497757247093699959574966967627724076630353547594571382178525166427427466391932003059921817413596629043572900334295260595630738132", minimum required is "0.0.3")
-- Found OpenMP_C: -fopenmp
-- Found OpenMP_CXX: -fopenmp
-- Found OpenMP: TRUE
-- Found double-conversion: /nix/store/fv317kaab8sghzww0mzsavla6lh9w3a7-double-conversion-3.3.1/lib/libdouble-conversion.so
-- Found nlohmann_json: /nix/store/2b0s70vh5fydcdmhvimgw64zi070gvip-nlohmann_json-3.12.0/share/cmake/nlohmann_json/nlohmann_jsonConfig.cmake (found version "3.12.0")
CMake Warning at cMake/FreeCAD_Helpers/SetupSalomeSMESH.cmake:74 (message):
  VTK python wrapper: NOT available
Call Stack (most recent call first):
  CMakeLists.txt:110 (SetupSalomeSMESH)


-- Passed find_package(MEDFile) through (config mode)
-- Skipping SWIG/Pivy runtime compatibility check for bundled Pivy
-- swig binary version building bundled pivy: 4.4.1
-- Found Eigen3: /nix/store/pvyj99kvphskpksxs8773916hl2xbj72-eigen-3.4.1/include/eigen3 (found suitable version "3.4.1", minimum required is "3.4.0")
-- Found WrapOpenGL: TRUE
-- Found WrapVulkanHeaders: /nix/store/6aj8fkq68zzczmbk6krdjnjl4jhvr8bm-vulkan-headers-1.4.341.0/include
-- Found Cups: /nix/store/7d4k0qzys95bisbi6nz9rpc68r5hkbz0-cups-2.4.19-lib/lib/libcups.so (found version "2.4.19")
-- Set up to compile with Qt 6.11.1
-- Bundled Coin will use system Expat 2.8.3
-- Setting C++ standard: '23', which is the minimum needed to compile Coin.
-- Found EXPAT: /nix/store/x99x6r4wr8bm9s4k2363xrl8n3palbv2-expat-2.8.3/lib/libexpat.so (found version "2.8.3")
-- Using system Expat
-- /nix/store/2xc76y8jf3wnazrvmqc7ivc811jpx6q3-xorgproto-2025.1/include;/nix/store/gi5xksz4gd77q6rhvsaids0jbkxdpk0d-libx11-1.8.13-dev/include;/nix/store/rr5a618vbixmy0x7d8agh44rwa186svg-libxext-1.3.7-dev/include;/nix/store/vyrvc8xriim3y7i33i7z62zxa9kkcjvr-libxdmcp-1.1.5-dev/include;/nix/store/3fq7zcfhchah6dvq9nr1mykykl7pz573-libxcomposite-0.4.7-dev/include;/nix/store/amf11083frs2dcx1r3caai74lrpw87s6-libxdamage-1.1.7-dev/include;/nix/store/5mk39sm49qmd1b899lm0fbrr0ldkd2mc-libxtst-1.2.5/include;/nix/store/fki3lrr5p5741sgr4b7yzrja236rh4km-libxi-1.8.3-dev/include;/nix/store/251ijhk6qqbhivknb104xl7sapcg2a2c-libxfixes-6.0.2-dev/include;/nix/store/f3p9hzcrcz6ifsv8ipw1nmxsns3m1ij9-libxrender-0.9.12-dev/include;/nix/store/f1hgjrhpi5ixh7y1m1w8iv0daysg01xs-libxrandr-1.5.5-dev/include;/nix/store/5ry9xdy9rplksmvapz784p6yibls8al1-libxcursor-1.2.3-dev/include;/nix/store/gba7kkjf0if1f2n217nbsndqnizl2933-libxscrnsaver-1.2.5/include;/nix/store/5g1afl77kslrrp3apklzn5ay21c88nnm-libxkbfile-1.1.3-dev/include;/nix/store/ld2dhya42wwnp6adcvdqmsyimi5m76kp-libxmu-1.3.1-dev/include
-- /nix/store/vwz96bkri7fphy8br1isqh3pqzw2zk1r-libsm-1.2.6/lib/libSM.so;/nix/store/rpb8jg53s0zdlgbpwla0k3fp2k14y2is-libice-1.1.2/lib/libICE.so;/nix/store/2g9xwk5kis01003gynr7xfca667dpgv8-libx11-1.8.13/lib/libX11.so;/nix/store/c9asg9zdzspijnqay6jz1ddsxpaa2dvw-libxext-1.3.7/lib/libXext.so;OpenGL::EGL;OpenGL::GL;Threads::Threads;EXPAT::EXPAT;Freetype::Freetype
-- Found SWIG: /nix/store/hkix5cl6iya52l9qmk49c0c8jx6d7f9s-swig-4.4.1/bin/swig (found suitable version "4.4.1", minimum required is "4.0.0")
-- Found Python: /nix/store/h3l4z7p6wny3phbckwwhy1i2g52pdnj4-python3-3.13.15/bin/python3.13 (found version "3.13.15") found components: Interpreter Development Development.Module Development.Embed
-- Python_FOUND: TRUE
-- PIVY_PACKAGE_INSTALL_DIR: Mod/pivy
-- COIN_FOUND: TRUE
-- COIN_INCLUDE_DIR: /home/user/dev/FreeCAD/src/3rdParty/coin/include
-- COIN_LIB_DIR: /home/user/dev/FreeCAD/build/clang-profile/lib
-- COIN_VERSION: 4.0.10
create swigified header: /home/user/dev/FreeCAD/src/3rdParty/pivy/Inventor/SbBox2d.h
create swigified header: /home/user/dev/FreeCAD/src/3rdParty/pivy/Inventor/SbBox2f.h
create swigified header: /home/user/dev/FreeCAD/src/3rdParty/pivy/Inventor/SbBox2s.h
create swigified header: /home/user/dev/FreeCAD/src/3rdParty/pivy/Inventor/SbBox3f.h
create swigified header: /home/user/dev/FreeCAD/src/3rdParty/pivy/Inventor/SbBox3s.h
create swigified header: /home/user/dev/FreeCAD/src/3rdParty/pivy/Inventor/SbColor.h
create swigified header: /home/user/dev/FreeCAD/src/3rdParty/pivy/Inventor/SbColor4f.h
create swigified header: /home/user/dev/FreeCAD/src/3rdParty/pivy/Inventor/SbDPMatrix.h
create swigified header: /home/user/dev/FreeCAD/src/3rdParty/pivy/Inventor/SbDPPlane.h
create swigified header: /home/user/dev/FreeCAD/src/3rdParty/pivy/Inventor/SbDPRotation.h
create swigified header: /home/user/dev/FreeCAD/src/3rdParty/pivy/Inventor/SbDict.h
create swigified header: /home/user/dev/FreeCAD/src/3rdParty/pivy/Inventor/SbImage.h
create swigified header: /home/user/dev/FreeCAD/src/3rdParty/pivy/Inventor/SbMatrix.h
create swigified header: /home/user/dev/FreeCAD/src/3rdParty/pivy/Inventor/SbName.h
create swigified header: /home/user/dev/FreeCAD/src/3rdParty/pivy/Inventor/SbPlane.h
create swigified header: /home/user/dev/FreeCAD/src/3rdParty/pivy/Inventor/SbRotation.h
create swigified header: /home/user/dev/FreeCAD/src/3rdParty/pivy/Inventor/SbString.h
create swigified header: /home/user/dev/FreeCAD/src/3rdParty/pivy/Inventor/SbTime.h
create swigified header: /home/user/dev/FreeCAD/src/3rdParty/pivy/Inventor/SbVec2d.h
create swigified header: /home/user/dev/FreeCAD/src/3rdParty/pivy/Inventor/SbVec2f.h
create swigified header: /home/user/dev/FreeCAD/src/3rdParty/pivy/Inventor/SbVec3d.h
create swigified header: /home/user/dev/FreeCAD/src/3rdParty/pivy/Inventor/SbVec3f.h
create swigified header: /home/user/dev/FreeCAD/src/3rdParty/pivy/Inventor/SbVec4d.h
create swigified header: /home/user/dev/FreeCAD/src/3rdParty/pivy/Inventor/SbVec4f.h
create swigified header: /home/user/dev/FreeCAD/src/3rdParty/pivy/Inventor/SbViewVolume.h
create swigified header: /home/user/dev/FreeCAD/src/3rdParty/pivy/Inventor/SbViewportRegion.h
create swigified header: /home/user/dev/FreeCAD/src/3rdParty/pivy/Inventor/SbXfBox3f.h
create swigified header: /home/user/dev/FreeCAD/src/3rdParty/pivy/Inventor/SoFullPath.h
create swigified header: /home/user/dev/FreeCAD/src/3rdParty/pivy/Inventor/SoInput.h
create swigified header: /home/user/dev/FreeCAD/src/3rdParty/pivy/Inventor/SoNodeKitPath.h
create swigified header: /home/user/dev/FreeCAD/src/3rdParty/pivy/Inventor/SoOffscreenRenderer.h
create swigified header: /home/user/dev/FreeCAD/src/3rdParty/pivy/Inventor/SoPath.h
create swigified header: /home/user/dev/FreeCAD/src/3rdParty/pivy/Inventor/SoRenderManager.h
create swigified header: /home/user/dev/FreeCAD/src/3rdParty/pivy/Inventor/SoSceneManager.h
create swigified header: /home/user/dev/FreeCAD/src/3rdParty/pivy/Inventor/SoType.h
create swigified header: /home/user/dev/FreeCAD/src/3rdParty/pivy/Inventor/SbVec2s.h
create swigified header: /home/user/dev/FreeCAD/src/3rdParty/pivy/Inventor/SbVec3s.h
create swigified header: /home/user/dev/FreeCAD/src/3rdParty/pivy/Inventor/actions/SoCallbackAction.h
create swigified header: /home/user/dev/FreeCAD/src/3rdParty/pivy/Inventor/actions/SoGLRenderAction.h
create swigified header: /home/user/dev/FreeCAD/src/3rdParty/pivy/Inventor/collision/SoIntersectionDetectionAction.h
create swigified header: /home/user/dev/FreeCAD/src/3rdParty/pivy/Inventor/draggers/SoDragger.h
create swigified header: /home/user/dev/FreeCAD/src/3rdParty/pivy/Inventor/elements/SoDiffuseColorElement.h
create swigified header: /home/user/dev/FreeCAD/src/3rdParty/pivy/Inventor/elements/SoLazyElement.h
create swigified header: /home/user/dev/FreeCAD/src/3rdParty/pivy/Inventor/engines/SoEngine.h
create swigified header: /home/user/dev/FreeCAD/src/3rdParty/pivy/Inventor/fields/SoField.h
create swigified header: /home/user/dev/FreeCAD/src/3rdParty/pivy/Inventor/fields/SoFieldContainer.h
create swigified header: /home/user/dev/FreeCAD/src/3rdParty/pivy/Inventor/fields/SoMFBool.h
create swigified header: /home/user/dev/FreeCAD/src/3rdParty/pivy/Inventor/fields/SoMFColor.h
create swigified header: /home/user/dev/FreeCAD/src/3rdParty/pivy/Inventor/fields/SoMFEngine.h
create swigified header: /home/user/dev/FreeCAD/src/3rdParty/pivy/Inventor/fields/SoMFEnum.h
create swigified header: /home/user/dev/FreeCAD/src/3rdParty/pivy/Inventor/fields/SoMFFloat.h
create swigified header: /home/user/dev/FreeCAD/src/3rdParty/pivy/Inventor/fields/SoMFInt32.h
create swigified header: /home/user/dev/FreeCAD/src/3rdParty/pivy/Inventor/fields/SoMFMatrix.h
create swigified header: /home/user/dev/FreeCAD/src/3rdParty/pivy/Inventor/fields/SoMFName.h
create swigified header: /home/user/dev/FreeCAD/src/3rdParty/pivy/Inventor/fields/SoMFNode.h
create swigified header: /home/user/dev/FreeCAD/src/3rdParty/pivy/Inventor/fields/SoMFPath.h
create swigified header: /home/user/dev/FreeCAD/src/3rdParty/pivy/Inventor/fields/SoMFPlane.h
create swigified header: /home/user/dev/FreeCAD/src/3rdParty/pivy/Inventor/fields/SoMFRotation.h
create swigified header: /home/user/dev/FreeCAD/src/3rdParty/pivy/Inventor/fields/SoMFShort.h
create swigified header: /home/user/dev/FreeCAD/src/3rdParty/pivy/Inventor/fields/SoMFString.h
create swigified header: /home/user/dev/FreeCAD/src/3rdParty/pivy/Inventor/fields/SoMFTime.h
create swigified header: /home/user/dev/FreeCAD/src/3rdParty/pivy/Inventor/fields/SoMFUInt32.h
create swigified header: /home/user/dev/FreeCAD/src/3rdParty/pivy/Inventor/fields/SoMFUShort.h
create swigified header: /home/user/dev/FreeCAD/src/3rdParty/pivy/Inventor/fields/SoMFVec2f.h
create swigified header: /home/user/dev/FreeCAD/src/3rdParty/pivy/Inventor/fields/SoMFVec3d.h
create swigified header: /home/user/dev/FreeCAD/src/3rdParty/pivy/Inventor/fields/SoMFVec3f.h
create swigified header: /home/user/dev/FreeCAD/src/3rdParty/pivy/Inventor/fields/SoMFVec4f.h
create swigified header: /home/user/dev/FreeCAD/src/3rdParty/pivy/Inventor/fields/SoMField.h
create swigified header: /home/user/dev/FreeCAD/src/3rdParty/pivy/Inventor/fields/SoSFBool.h
create swigified header: /home/user/dev/FreeCAD/src/3rdParty/pivy/Inventor/fields/SoSFColor.h
create swigified header: /home/user/dev/FreeCAD/src/3rdParty/pivy/Inventor/fields/SoSFEngine.h
create swigified header: /home/user/dev/FreeCAD/src/3rdParty/pivy/Inventor/fields/SoSFEnum.h
create swigified header: /home/user/dev/FreeCAD/src/3rdParty/pivy/Inventor/fields/SoSFFloat.h
create swigified header: /home/user/dev/FreeCAD/src/3rdParty/pivy/Inventor/fields/SoSFImage.h
create swigified header: /home/user/dev/FreeCAD/src/3rdParty/pivy/Inventor/fields/SoSFImage3.h
create swigified header: /home/user/dev/FreeCAD/src/3rdParty/pivy/Inventor/fields/SoSFInt32.h
create swigified header: /home/user/dev/FreeCAD/src/3rdParty/pivy/Inventor/fields/SoSFMatrix.h
create swigified header: /home/user/dev/FreeCAD/src/3rdParty/pivy/Inventor/fields/SoSFName.h
create swigified header: /home/user/dev/FreeCAD/src/3rdParty/pivy/Inventor/fields/SoSFNode.h
create swigified header: /home/user/dev/FreeCAD/src/3rdParty/pivy/Inventor/fields/SoSFPath.h
create swigified header: /home/user/dev/FreeCAD/src/3rdParty/pivy/Inventor/fields/SoSFPlane.h
create swigified header: /home/user/dev/FreeCAD/src/3rdParty/pivy/Inventor/fields/SoSFRotation.h
create swigified header: /home/user/dev/FreeCAD/src/3rdParty/pivy/Inventor/fields/SoSFShort.h
create swigified header: /home/user/dev/FreeCAD/src/3rdParty/pivy/Inventor/fields/SoSFString.h
create swigified header: /home/user/dev/FreeCAD/src/3rdParty/pivy/Inventor/fields/SoSFTime.h
create swigified header: /home/user/dev/FreeCAD/src/3rdParty/pivy/Inventor/fields/SoSFTrigger.h
create swigified header: /home/user/dev/FreeCAD/src/3rdParty/pivy/Inventor/fields/SoSFUInt32.h
create swigified header: /home/user/dev/FreeCAD/src/3rdParty/pivy/Inventor/fields/SoSFUShort.h
create swigified header: /home/user/dev/FreeCAD/src/3rdParty/pivy/Inventor/fields/SoSFVec2f.h
create swigified header: /home/user/dev/FreeCAD/src/3rdParty/pivy/Inventor/fields/SoSFVec3f.h
create swigified header: /home/user/dev/FreeCAD/src/3rdParty/pivy/Inventor/fields/SoSFVec4f.h
create swigified header: /home/user/dev/FreeCAD/src/3rdParty/pivy/Inventor/lists/SbIntList.h
create swigified header: /home/user/dev/FreeCAD/src/3rdParty/pivy/Inventor/lists/SbPList.h
create swigified header: /home/user/dev/FreeCAD/src/3rdParty/pivy/Inventor/lists/SbStringList.h
create swigified header: /home/user/dev/FreeCAD/src/3rdParty/pivy/Inventor/lists/SbVec3fList.h
create swigified header: /home/user/dev/FreeCAD/src/3rdParty/pivy/Inventor/lists/SoActionMethodList.h
create swigified header: /home/user/dev/FreeCAD/src/3rdParty/pivy/Inventor/lists/SoBaseList.h
create swigified header: /home/user/dev/FreeCAD/src/3rdParty/pivy/Inventor/lists/SoDetailList.h
create swigified header: /home/user/dev/FreeCAD/src/3rdParty/pivy/Inventor/lists/SoEngineList.h
create swigified header: /home/user/dev/FreeCAD/src/3rdParty/pivy/Inventor/lists/SoEngineOutputList.h
create swigified header: /home/user/dev/FreeCAD/src/3rdParty/pivy/Inventor/lists/SoFieldList.h
create swigified header: /home/user/dev/FreeCAD/src/3rdParty/pivy/Inventor/lists/SoNodeList.h
create swigified header: /home/user/dev/FreeCAD/src/3rdParty/pivy/Inventor/lists/SoPathList.h
create swigified header: /home/user/dev/FreeCAD/src/3rdParty/pivy/Inventor/lists/SoPickedPointList.h
create swigified header: /home/user/dev/FreeCAD/src/3rdParty/pivy/Inventor/lists/SoTypeList.h
create swigified header: /home/user/dev/FreeCAD/src/3rdParty/pivy/Inventor/misc/SoBase.h
create swigified header: /home/user/dev/FreeCAD/src/3rdParty/pivy/Inventor/nodekits/SoBaseKit.h
create swigified header: /home/user/dev/FreeCAD/src/3rdParty/pivy/Inventor/nodes/SoCallback.h
create swigified header: /home/user/dev/FreeCAD/src/3rdParty/pivy/Inventor/nodes/SoEventCallback.h
create swigified header: /home/user/dev/FreeCAD/src/3rdParty/pivy/Inventor/nodes/SoGroup.h
create swigified header: /home/user/dev/FreeCAD/src/3rdParty/pivy/Inventor/nodes/SoMarkerSet.h
create swigified header: /home/user/dev/FreeCAD/src/3rdParty/pivy/Inventor/nodes/SoSelection.h
create swigified header: /home/user/dev/FreeCAD/src/3rdParty/pivy/Inventor/scxml/ScXMLStateMachine.h
create swigified header: /home/user/dev/FreeCAD/src/3rdParty/pivy/Inventor/sensors/SoAlarmSensor.h
create swigified header: /home/user/dev/FreeCAD/src/3rdParty/pivy/Inventor/sensors/SoDataSensor.h
create swigified header: /home/user/dev/FreeCAD/src/3rdParty/pivy/Inventor/sensors/SoDelayQueueSensor.h
create swigified header: /home/user/dev/FreeCAD/src/3rdParty/pivy/Inventor/sensors/SoFieldSensor.h
create swigified header: /home/user/dev/FreeCAD/src/3rdParty/pivy/Inventor/sensors/SoIdleSensor.h
create swigified header: /home/user/dev/FreeCAD/src/3rdParty/pivy/Inventor/sensors/SoNodeSensor.h
create swigified header: /home/user/dev/FreeCAD/src/3rdParty/pivy/Inventor/sensors/SoOneShotSensor.h
create swigified header: /home/user/dev/FreeCAD/src/3rdParty/pivy/Inventor/sensors/SoPathSensor.h
create swigified header: /home/user/dev/FreeCAD/src/3rdParty/pivy/Inventor/sensors/SoSensor.h
create swigified header: /home/user/dev/FreeCAD/src/3rdParty/pivy/Inventor/sensors/SoSensorManager.h
create swigified header: /home/user/dev/FreeCAD/src/3rdParty/pivy/Inventor/sensors/SoTimerQueueSensor.h
create swigified header: /home/user/dev/FreeCAD/src/3rdParty/pivy/Inventor/sensors/SoTimerSensor.h
CMake Warning at src/3rdParty/pivy/CMakeLists.txt:180 (message):
  stubgen is not available; Pivy .pyi stubs will not be generated


-- Found Spnav: /nix/store/g4kwwc80ann96bmr5jll3p1bs6ifrwm3-libspnav-1.2/lib/libspnav.so
-- Shiboken6Config: Using default python: .abi3
-- Found Python: /nix/store/h3l4z7p6wny3phbckwwhy1i2g52pdnj4-python3-3.13.15/bin/python3.13 (found suitable version "3.13.15", minimum required is "3") found components: Interpreter Development.Module
-- PYTHON_LIMITED_LIBRARIES: 
-- SHIBOKEN_PYTHON_INCLUDE_DIRS computed to value: '/nix/store/h3l4z7p6wny3phbckwwhy1i2g52pdnj4-python3-3.13.15/include/python3.13'
-- SHIBOKEN_PYTHON_LIBRARIES computed to value: ''
-- libshiboken built for Release
-- Qt version: 6.11.1
-- PySide version: 6.11.0
-- PySide/Qt version check passed (6.11)
-- Found PYSIDE6 tools: /nix/store/73fffgyahdpj0znw0p152i7q1xq5kkks-qtbase-6.11.1/libexec/uic, /nix/store/73fffgyahdpj0znw0p152i7q1xq5kkks-qtbase-6.11.1/libexec/rcc
-- PySide 6.11.0 Python module found at /nix/store/qyxanf06z79i3y90ks5qmqi6h3c986gr-pyside6-6.11.0/lib/python3.13/site-packages/PySide6.

-- Found Matplotlib: /nix/store/n42pvvmm2l2yabyr0kkacs8hfnln8g0m-python3.13-matplotlib-3.10.9/lib/python3.13/site-packages/matplotlib (found version "3.10.9")
-- FindLark: Using Python3_EXECUTABLE = /nix/store/h3l4z7p6wny3phbckwwhy1i2g52pdnj4-python3-3.13.15/bin/python3.13
-- Found LARK: 1.3.1 (found version "1.3.1")
-- Found Lark: version 1.3.1
/nix/store/h3l4z7p6wny3phbckwwhy1i2g52pdnj4-python3-3.13.15/bin/python3.13: No module named pip
CMake Warning at cMake/FreeCadMacros.cmake:423 (message):
  Could not find ifcopenshell Python package runtime dependency.  IFC files
  support disabled.
Call Stack (most recent call first):
  CMakeLists.txt:136 (find_python_runtime_dep)


/nix/store/h3l4z7p6wny3phbckwwhy1i2g52pdnj4-python3-3.13.15/bin/python3.13: No module named pip
CMake Warning at cMake/FreeCadMacros.cmake:423 (message):
  Could not find av Python package runtime dependency.  Assembly simulation
  video export will not work properly.
Call Stack (most recent call first):
  CMakeLists.txt:139 (find_python_runtime_dep)


/nix/store/h3l4z7p6wny3phbckwwhy1i2g52pdnj4-python3-3.13.15/bin/python3.13: No module named pip
CMake Warning at cMake/FreeCadMacros.cmake:423 (message):
  Could not find pillow Python package runtime dependency.  Assembly
  simulation video export will not work properly.
Call Stack (most recent call first):
  CMakeLists.txt:140 (find_python_runtime_dep)


-- Platform is 64-bit, set -D_OCC64
-- Using CMake 4.1.6
-- Found XercesC: /nix/store/s9k3wqxph2axp6xr2xia5acrmx4rgl4v-xerces-c-3.3.0/lib/libxerces-c.so (found suitable version "3.3.0", minimum required is "3.2")
-- [E57Format] Revision ID: E57Format-3.3.0-x86_64-Clang211
-- [E57Format] Building static library
-- [E57Format] Setting validation level to 1
-- [E57Format] Using ccache: /nix/store/28db00s7dzv8krxlpgqxbsi4sglm3yhx-ccache-4.13.6/bin/ccache
-- [E57Format] CMake files install to /usr/local/lib64/cmake/E57Format
-- [OndselSolver] Building shared library
-- /home/user/dev/FreeCAD/build/clang-profile/src/Base/TypePy.cpp
-- /home/user/dev/FreeCAD/build/clang-profile/src/Base/BaseClassPy.cpp
-- /home/user/dev/FreeCAD/build/clang-profile/src/Base/BoundBoxPy.cpp
-- /home/user/dev/FreeCAD/build/clang-profile/src/Base/CoordinateSystemPy.cpp
-- /home/user/dev/FreeCAD/build/clang-profile/src/Base/PersistencePy.cpp
-- /home/user/dev/FreeCAD/build/clang-profile/src/Base/VectorPy.cpp
-- /home/user/dev/FreeCAD/build/clang-profile/src/Base/MatrixPy.cpp
-- /home/user/dev/FreeCAD/build/clang-profile/src/Base/RotationPy.cpp
-- /home/user/dev/FreeCAD/build/clang-profile/src/Base/PlacementPy.cpp
-- /home/user/dev/FreeCAD/build/clang-profile/src/Base/AxisPy.cpp
-- /home/user/dev/FreeCAD/build/clang-profile/src/Base/UnitPy.cpp
-- /home/user/dev/FreeCAD/build/clang-profile/src/Base/QuantityPy.cpp
-- /home/user/dev/FreeCAD/build/clang-profile/src/Base/PrecisionPy.cpp
-- /home/user/dev/FreeCAD/build/clang-profile/src/Base/CrashReporter/CrashFramePy.cpp
-- /home/user/dev/FreeCAD/build/clang-profile/src/Base/CrashReporter/CrashReportPy.cpp
-- /home/user/dev/FreeCAD/build/clang-profile/src/App/ApplicationDirectoriesPy.cpp
-- /home/user/dev/FreeCAD/build/clang-profile/src/App/DepEdgePy.cpp
-- /home/user/dev/FreeCAD/build/clang-profile/src/App/DocumentPy.cpp
-- /home/user/dev/FreeCAD/build/clang-profile/src/App/DocumentSettingsPy.cpp
-- /home/user/dev/FreeCAD/build/clang-profile/src/App/DocumentObjectPy.cpp
-- /home/user/dev/FreeCAD/build/clang-profile/src/App/ExtensionPy.cpp
-- /home/user/dev/FreeCAD/build/clang-profile/src/App/ExtensionContainerPy.cpp
-- /home/user/dev/FreeCAD/build/clang-profile/src/App/DocumentObjectExtensionPy.cpp
-- /home/user/dev/FreeCAD/build/clang-profile/src/App/GroupExtensionPy.cpp
-- /home/user/dev/FreeCAD/build/clang-profile/src/App/LinkBaseExtensionPy.cpp
-- /home/user/dev/FreeCAD/build/clang-profile/src/App/DocumentObjectGroupPy.cpp
-- /home/user/dev/FreeCAD/build/clang-profile/src/App/GeoFeaturePy.cpp
-- /home/user/dev/FreeCAD/build/clang-profile/src/App/GeoFeatureGroupExtensionPy.cpp
-- /home/user/dev/FreeCAD/build/clang-profile/src/App/SuppressibleExtensionPy.cpp
-- /home/user/dev/FreeCAD/build/clang-profile/src/App/MetadataPy.cpp
-- /home/user/dev/FreeCAD/build/clang-profile/src/App/OriginGroupExtensionPy.cpp
-- /home/user/dev/FreeCAD/build/clang-profile/src/App/PartPy.cpp
-- /home/user/dev/FreeCAD/build/clang-profile/src/App/StringHasherPy.cpp
-- /home/user/dev/FreeCAD/build/clang-profile/src/App/StringIDPy.cpp
-- /home/user/dev/FreeCAD/build/clang-profile/src/App/ComplexGeoDataPy.cpp
-- /home/user/dev/FreeCAD/build/clang-profile/src/App/PropertyContainerPy.cpp
-- /home/user/dev/FreeCAD/build/clang-profile/src/App/MaterialPy.cpp
-- /home/user/dev/FreeCAD/build/clang-profile/src/App/MeasureManagerPy.cpp
-- /home/user/dev/FreeCAD/build/clang-profile/src/Mod/Assembly/App/AssemblyObjectPy.cpp
-- /home/user/dev/FreeCAD/build/clang-profile/src/Mod/Assembly/App/AssemblyLinkPy.cpp
-- /home/user/dev/FreeCAD/build/clang-profile/src/Mod/Assembly/App/BomObjectPy.cpp
-- /home/user/dev/FreeCAD/build/clang-profile/src/Mod/Assembly/App/BomGroupPy.cpp
-- /home/user/dev/FreeCAD/build/clang-profile/src/Mod/Assembly/App/JointGroupPy.cpp
-- /home/user/dev/FreeCAD/build/clang-profile/src/Mod/Assembly/App/ViewGroupPy.cpp
-- /home/user/dev/FreeCAD/build/clang-profile/src/Mod/Assembly/App/SimulationGroupPy.cpp
-- /home/user/dev/FreeCAD/build/clang-profile/src/Mod/Assembly/App/SnapshotGroupPy.cpp
-- /home/user/dev/FreeCAD/build/clang-profile/src/Mod/Assembly/Gui/ViewProviderAssemblyPy.cpp
-- /home/user/dev/FreeCAD/build/clang-profile/src/Mod/Fem/App/FemMeshPy.cpp
-- /home/user/dev/FreeCAD/build/clang-profile/src/Mod/Fem/App/FemPostObjectPy.cpp
-- /home/user/dev/FreeCAD/build/clang-profile/src/Mod/Fem/App/FemPostPipelinePy.cpp
-- /home/user/dev/FreeCAD/build/clang-profile/src/Mod/Fem/App/FemPostFilterPy.cpp
-- /home/user/dev/FreeCAD/build/clang-profile/src/Mod/Fem/App/FemPostBranchFilterPy.cpp
-- Found OpenMP_C: -fopenmp (Required is at least version "4.0")
-- Found OpenMP_CXX: -fopenmp (Required is at least version "4.0")
-- Found OpenMP: TRUE (Required is at least version "4.0")
-- /home/user/dev/FreeCAD/build/clang-profile/src/Mod/Fem/Gui/ViewProviderFemConstraintPy.cpp
-- /home/user/dev/FreeCAD/build/clang-profile/src/Mod/Fem/Gui/ViewProviderFemMeshPy.cpp
-- /home/user/dev/FreeCAD/build/clang-profile/src/Mod/Fem/Gui/ViewProviderFemPostPipelinePy.cpp
-- /home/user/dev/FreeCAD/build/clang-profile/src/Mod/Fem/Gui/ViewProviderFemPostFilterPy.cpp
-- /home/user/dev/FreeCAD/build/clang-profile/src/Mod/Fem/Gui/ViewProviderShapeExtensionPy.cpp
-- /home/user/dev/FreeCAD/build/clang-profile/src/Mod/Import/App/StepShapePy.cpp
-- /home/user/dev/FreeCAD/build/clang-profile/src/Mod/Material/App/Array2DPy.cpp
-- /home/user/dev/FreeCAD/build/clang-profile/src/Mod/Material/App/Array3DPy.cpp
-- /home/user/dev/FreeCAD/build/clang-profile/src/Mod/Material/App/MaterialFilterPy.cpp
-- /home/user/dev/FreeCAD/build/clang-profile/src/Mod/Material/App/MaterialFilterOptionsPy.cpp
-- /home/user/dev/FreeCAD/build/clang-profile/src/Mod/Material/App/MaterialLibraryPy.cpp
-- /home/user/dev/FreeCAD/build/clang-profile/src/Mod/Material/App/MaterialManagerPy.cpp
-- /home/user/dev/FreeCAD/build/clang-profile/src/Mod/Material/App/MaterialPy.cpp
-- /home/user/dev/FreeCAD/build/clang-profile/src/Mod/Material/App/ModelManagerPy.cpp
-- /home/user/dev/FreeCAD/build/clang-profile/src/Mod/Material/App/ModelPropertyPy.cpp
-- /home/user/dev/FreeCAD/build/clang-profile/src/Mod/Material/App/MaterialPropertyPy.cpp
-- /home/user/dev/FreeCAD/build/clang-profile/src/Mod/Material/App/ModelPy.cpp
-- /home/user/dev/FreeCAD/build/clang-profile/src/Mod/Material/App/UUIDsPy.cpp
-- /home/user/dev/FreeCAD/build/clang-profile/src/Mod/Material/Gui/MaterialTreeWidgetPy.cpp
-- /home/user/dev/FreeCAD/build/clang-profile/src/Mod/Mesh/App/EdgePy.cpp
-- /home/user/dev/FreeCAD/build/clang-profile/src/Mod/Mesh/App/FacetPy.cpp
-- /home/user/dev/FreeCAD/build/clang-profile/src/Mod/Mesh/App/MeshFeaturePy.cpp
-- /home/user/dev/FreeCAD/build/clang-profile/src/Mod/Mesh/App/MeshPointPy.cpp
-- /home/user/dev/FreeCAD/build/clang-profile/src/Mod/Mesh/App/MeshPy.cpp
-- /home/user/dev/FreeCAD/build/clang-profile/src/Mod/Mesh/Gui/ViewProviderMeshPy.cpp
-- /home/user/dev/FreeCAD/build/clang-profile/src/Mod/Part/App/ArcPy.cpp
-- /home/user/dev/FreeCAD/build/clang-profile/src/Mod/Part/App/ArcOfConicPy.cpp
-- /home/user/dev/FreeCAD/build/clang-profile/src/Mod/Part/App/ArcOfCirclePy.cpp
-- /home/user/dev/FreeCAD/build/clang-profile/src/Mod/Part/App/ArcOfParabolaPy.cpp
-- /home/user/dev/FreeCAD/build/clang-profile/src/Mod/Part/App/BodyBasePy.cpp
-- /home/user/dev/FreeCAD/build/clang-profile/src/Mod/Part/App/ConicPy.cpp
-- /home/user/dev/FreeCAD/build/clang-profile/src/Mod/Part/App/CirclePy.cpp
-- /home/user/dev/FreeCAD/build/clang-profile/src/Mod/Part/App/ArcOfEllipsePy.cpp
-- /home/user/dev/FreeCAD/build/clang-profile/src/Mod/Part/App/EllipsePy.cpp
-- /home/user/dev/FreeCAD/build/clang-profile/src/Mod/Part/App/HyperbolaPy.cpp
-- /home/user/dev/FreeCAD/build/clang-profile/src/Mod/Part/App/ArcOfHyperbolaPy.cpp
-- /home/user/dev/FreeCAD/build/clang-profile/src/Mod/Part/App/ParabolaPy.cpp
-- /home/user/dev/FreeCAD/build/clang-profile/src/Mod/Part/App/OffsetCurvePy.cpp
-- /home/user/dev/FreeCAD/build/clang-profile/src/Mod/Part/App/GeometryPy.cpp
-- /home/user/dev/FreeCAD/build/clang-profile/src/Mod/Part/App/GeometryExtensionPy.cpp
-- /home/user/dev/FreeCAD/build/clang-profile/src/Mod/Part/App/GeometryIntExtensionPy.cpp
-- /home/user/dev/FreeCAD/build/clang-profile/src/Mod/Part/App/GeometryStringExtensionPy.cpp
-- /home/user/dev/FreeCAD/build/clang-profile/src/Mod/Part/App/GeometryBoolExtensionPy.cpp
-- /home/user/dev/FreeCAD/build/clang-profile/src/Mod/Part/App/GeometryDoubleExtensionPy.cpp
-- /home/user/dev/FreeCAD/build/clang-profile/src/Mod/Part/App/GeometryCurvePy.cpp
-- /home/user/dev/FreeCAD/build/clang-profile/src/Mod/Part/App/BoundedCurvePy.cpp
-- /home/user/dev/FreeCAD/build/clang-profile/src/Mod/Part/App/TrimmedCurvePy.cpp
-- /home/user/dev/FreeCAD/build/clang-profile/src/Mod/Part/App/GeometrySurfacePy.cpp
-- /home/user/dev/FreeCAD/build/clang-profile/src/Mod/Part/App/LinePy.cpp
-- /home/user/dev/FreeCAD/build/clang-profile/src/Mod/Part/App/LineSegmentPy.cpp
-- /home/user/dev/FreeCAD/build/clang-profile/src/Mod/Part/App/PointPy.cpp
-- /home/user/dev/FreeCAD/build/clang-profile/src/Mod/Part/App/BezierCurvePy.cpp
-- /home/user/dev/FreeCAD/build/clang-profile/src/Mod/Part/App/BSplineCurvePy.cpp
-- /home/user/dev/FreeCAD/build/clang-profile/src/Mod/Part/App/PlanePy.cpp
-- /home/user/dev/FreeCAD/build/clang-profile/src/Mod/Part/App/ConePy.cpp
-- /home/user/dev/FreeCAD/build/clang-profile/src/Mod/Part/App/CylinderPy.cpp
-- /home/user/dev/FreeCAD/build/clang-profile/src/Mod/Part/App/SpherePy.cpp
-- /home/user/dev/FreeCAD/build/clang-profile/src/Mod/Part/App/ToroidPy.cpp
-- /home/user/dev/FreeCAD/build/clang-profile/src/Mod/Part/App/BezierSurfacePy.cpp
-- /home/user/dev/FreeCAD/build/clang-profile/src/Mod/Part/App/BSplineSurfacePy.cpp
-- /home/user/dev/FreeCAD/build/clang-profile/src/Mod/Part/App/OffsetSurfacePy.cpp
-- /home/user/dev/FreeCAD/build/clang-profile/src/Mod/Part/App/PlateSurfacePy.cpp
-- /home/user/dev/FreeCAD/build/clang-profile/src/Mod/Part/App/RectangularTrimmedSurfacePy.cpp
-- /home/user/dev/FreeCAD/build/clang-profile/src/Mod/Part/App/SurfaceOfExtrusionPy.cpp
-- /home/user/dev/FreeCAD/build/clang-profile/src/Mod/Part/App/SurfaceOfRevolutionPy.cpp
-- /home/user/dev/FreeCAD/build/clang-profile/src/Mod/Part/App/PartFeaturePy.cpp
-- /home/user/dev/FreeCAD/build/clang-profile/src/Mod/Part/App/AttachExtensionPy.cpp
-- /home/user/dev/FreeCAD/build/clang-profile/src/Mod/Part/App/PreviewExtensionPy.cpp
-- /home/user/dev/FreeCAD/build/clang-profile/src/Mod/Part/App/Part2DObjectPy.cpp
-- /home/user/dev/FreeCAD/build/clang-profile/src/Mod/Part/App/AttachEnginePy.cpp
-- /home/user/dev/FreeCAD/build/clang-profile/src/Mod/Part/App/TopoShapePy.cpp
-- /home/user/dev/FreeCAD/build/clang-profile/src/Mod/Part/App/TopoShapeCompoundPy.cpp
-- /home/user/dev/FreeCAD/build/clang-profile/src/Mod/Part/App/TopoShapeCompSolidPy.cpp
-- /home/user/dev/FreeCAD/build/clang-profile/src/Mod/Part/App/TopoShapeEdgePy.cpp
-- /home/user/dev/FreeCAD/build/clang-profile/src/Mod/Part/App/TopoShapeFacePy.cpp
-- /home/user/dev/FreeCAD/build/clang-profile/src/Mod/Part/App/TopoShapeShellPy.cpp
-- /home/user/dev/FreeCAD/build/clang-profile/src/Mod/Part/App/TopoShapeSolidPy.cpp
-- /home/user/dev/FreeCAD/build/clang-profile/src/Mod/Part/App/TopoShapeVertexPy.cpp
-- /home/user/dev/FreeCAD/build/clang-profile/src/Mod/Part/App/TopoShapeWirePy.cpp
-- /home/user/dev/FreeCAD/build/clang-profile/src/Mod/Part/App/BRepOffsetAPI_MakePipeShellPy.cpp
-- /home/user/dev/FreeCAD/build/clang-profile/src/Mod/Part/App/BRepOffsetAPI_MakeFillingPy.cpp
-- /home/user/dev/FreeCAD/build/clang-profile/src/Mod/Part/App/BRepFeat/MakePrismPy.cpp
-- /home/user/dev/FreeCAD/build/clang-profile/src/Mod/Part/App/ChFi2d/ChFi2d_AnaFilletAlgoPy.cpp
-- /home/user/dev/FreeCAD/build/clang-profile/src/Mod/Part/App/ChFi2d/ChFi2d_FilletAlgoPy.cpp
-- /home/user/dev/FreeCAD/build/clang-profile/src/Mod/Part/App/ChFi2d/ChFi2d_ChamferAPIPy.cpp
-- /home/user/dev/FreeCAD/build/clang-profile/src/Mod/Part/App/ChFi2d/ChFi2d_FilletAPIPy.cpp
-- /home/user/dev/FreeCAD/build/clang-profile/src/Mod/Part/App/Geom2d/ArcOfCircle2dPy.cpp
-- /home/user/dev/FreeCAD/build/clang-profile/src/Mod/Part/App/Geom2d/ArcOfConic2dPy.cpp
-- /home/user/dev/FreeCAD/build/clang-profile/src/Mod/Part/App/Geom2d/ArcOfEllipse2dPy.cpp
-- /home/user/dev/FreeCAD/build/clang-profile/src/Mod/Part/App/Geom2d/ArcOfHyperbola2dPy.cpp
-- /home/user/dev/FreeCAD/build/clang-profile/src/Mod/Part/App/Geom2d/ArcOfParabola2dPy.cpp
-- /home/user/dev/FreeCAD/build/clang-profile/src/Mod/Part/App/Geom2d/BezierCurve2dPy.cpp
-- /home/user/dev/FreeCAD/build/clang-profile/src/Mod/Part/App/Geom2d/BSplineCurve2dPy.cpp
-- /home/user/dev/FreeCAD/build/clang-profile/src/Mod/Part/App/Geom2d/Circle2dPy.cpp
-- /home/user/dev/FreeCAD/build/clang-profile/src/Mod/Part/App/Geom2d/Conic2dPy.cpp
-- /home/user/dev/FreeCAD/build/clang-profile/src/Mod/Part/App/Geom2d/Ellipse2dPy.cpp
-- /home/user/dev/FreeCAD/build/clang-profile/src/Mod/Part/App/Geom2d/Geometry2dPy.cpp
-- /home/user/dev/FreeCAD/build/clang-profile/src/Mod/Part/App/Geom2d/Hyperbola2dPy.cpp
-- /home/user/dev/FreeCAD/build/clang-profile/src/Mod/Part/App/Geom2d/Curve2dPy.cpp
-- /home/user/dev/FreeCAD/build/clang-profile/src/Mod/Part/App/Geom2d/Line2dSegmentPy.cpp
-- /home/user/dev/FreeCAD/build/clang-profile/src/Mod/Part/App/Geom2d/Line2dPy.cpp
-- /home/user/dev/FreeCAD/build/clang-profile/src/Mod/Part/App/Geom2d/OffsetCurve2dPy.cpp
-- /home/user/dev/FreeCAD/build/clang-profile/src/Mod/Part/App/Geom2d/Parabola2dPy.cpp
-- /home/user/dev/FreeCAD/build/clang-profile/src/Mod/Part/App/GeomPlate/BuildPlateSurfacePy.cpp
-- /home/user/dev/FreeCAD/build/clang-profile/src/Mod/Part/App/GeomPlate/CurveConstraintPy.cpp
-- /home/user/dev/FreeCAD/build/clang-profile/src/Mod/Part/App/GeomPlate/PointConstraintPy.cpp
-- /home/user/dev/FreeCAD/build/clang-profile/src/Mod/Part/App/HLRBRep/HLRBRep_AlgoPy.cpp
-- /home/user/dev/FreeCAD/build/clang-profile/src/Mod/Part/App/HLRBRep/HLRToShapePy.cpp
-- /home/user/dev/FreeCAD/build/clang-profile/src/Mod/Part/App/HLRBRep/HLRBRep_PolyAlgoPy.cpp
-- /home/user/dev/FreeCAD/build/clang-profile/src/Mod/Part/App/HLRBRep/PolyHLRToShapePy.cpp
-- /home/user/dev/FreeCAD/build/clang-profile/src/Mod/Part/App/ShapeFix/ShapeFix_RootPy.cpp
-- /home/user/dev/FreeCAD/build/clang-profile/src/Mod/Part/App/ShapeFix/ShapeFix_EdgePy.cpp
-- /home/user/dev/FreeCAD/build/clang-profile/src/Mod/Part/App/ShapeFix/ShapeFix_FacePy.cpp
-- /home/user/dev/FreeCAD/build/clang-profile/src/Mod/Part/App/ShapeFix/ShapeFix_ShapePy.cpp
-- /home/user/dev/FreeCAD/build/clang-profile/src/Mod/Part/App/ShapeFix/ShapeFix_ShellPy.cpp
-- /home/user/dev/FreeCAD/build/clang-profile/src/Mod/Part/App/ShapeFix/ShapeFix_SolidPy.cpp
-- /home/user/dev/FreeCAD/build/clang-profile/src/Mod/Part/App/ShapeFix/ShapeFix_WirePy.cpp
-- /home/user/dev/FreeCAD/build/clang-profile/src/Mod/Part/App/ShapeFix/ShapeFix_WireframePy.cpp
-- /home/user/dev/FreeCAD/build/clang-profile/src/Mod/Part/App/ShapeFix/ShapeFix_WireVertexPy.cpp
-- /home/user/dev/FreeCAD/build/clang-profile/src/Mod/Part/App/ShapeFix/ShapeFix_EdgeConnectPy.cpp
-- /home/user/dev/FreeCAD/build/clang-profile/src/Mod/Part/App/ShapeFix/ShapeFix_FaceConnectPy.cpp
-- /home/user/dev/FreeCAD/build/clang-profile/src/Mod/Part/App/ShapeFix/ShapeFix_FixSmallFacePy.cpp
-- /home/user/dev/FreeCAD/build/clang-profile/src/Mod/Part/App/ShapeFix/ShapeFix_FixSmallSolidPy.cpp
-- /home/user/dev/FreeCAD/build/clang-profile/src/Mod/Part/App/ShapeFix/ShapeFix_FreeBoundsPy.cpp
-- /home/user/dev/FreeCAD/build/clang-profile/src/Mod/Part/App/ShapeFix/ShapeFix_ShapeTolerancePy.cpp
-- /home/user/dev/FreeCAD/build/clang-profile/src/Mod/Part/App/ShapeFix/ShapeFix_SplitCommonVertexPy.cpp
-- /home/user/dev/FreeCAD/build/clang-profile/src/Mod/Part/App/ShapeFix/ShapeFix_SplitToolPy.cpp
-- /home/user/dev/FreeCAD/build/clang-profile/src/Mod/Part/App/ShapeUpgrade/UnifySameDomainPy.cpp
-- /home/user/dev/FreeCAD/build/clang-profile/src/Mod/Part/Gui/ViewProviderPartExtPy.cpp
-- /home/user/dev/FreeCAD/build/clang-profile/src/Mod/Part/Gui/ViewProviderPreviewExtensionPy.cpp
-- /home/user/dev/FreeCAD/build/clang-profile/src/Mod/PartDesign/App/BodyPy.cpp
-- /home/user/dev/FreeCAD/build/clang-profile/src/Mod/PartDesign/App/FeaturePy.cpp
-- /home/user/dev/FreeCAD/build/clang-profile/src/Mod/PartDesign/Gui/ViewProviderPy.cpp
-- /home/user/dev/FreeCAD/build/clang-profile/src/Mod/CAM/App/CommandPy.cpp
-- /home/user/dev/FreeCAD/build/clang-profile/src/Mod/CAM/App/PathPy.cpp
-- /home/user/dev/FreeCAD/build/clang-profile/src/Mod/CAM/App/FeaturePathCompoundPy.cpp
-- /home/user/dev/FreeCAD/build/clang-profile/src/Mod/CAM/App/AreaPy.cpp
-- /home/user/dev/FreeCAD/build/clang-profile/src/Mod/CAM/App/FeatureAreaPy.cpp
-- /home/user/dev/FreeCAD/build/clang-profile/src/Mod/CAM/App/VoronoiPy.cpp
-- /home/user/dev/FreeCAD/build/clang-profile/src/Mod/CAM/App/VoronoiCellPy.cpp
-- /home/user/dev/FreeCAD/build/clang-profile/src/Mod/CAM/App/VoronoiEdgePy.cpp
-- /home/user/dev/FreeCAD/build/clang-profile/src/Mod/CAM/App/VoronoiVertexPy.cpp
-- area module (for Path Workbench) will be installed to: lib64
-- /home/user/dev/FreeCAD/build/clang-profile/src/Mod/CAM/PathSimulator/App/PathSimPy.cpp
-- /home/user/dev/FreeCAD/build/clang-profile/src/Mod/CAM/PathSimulator/AppGL/CAMSimPy.cpp
-- /home/user/dev/FreeCAD/build/clang-profile/src/Mod/Points/App/PointsPy.cpp
-- /home/user/dev/FreeCAD/build/clang-profile/src/Mod/Robot/App/Robot6AxisPy.cpp
-- /home/user/dev/FreeCAD/build/clang-profile/src/Mod/Robot/App/TrajectoryPy.cpp
-- /home/user/dev/FreeCAD/build/clang-profile/src/Mod/Robot/App/WaypointPy.cpp
-- /home/user/dev/FreeCAD/build/clang-profile/src/Mod/Robot/App/RobotObjectPy.cpp
-- /home/user/dev/FreeCAD/build/clang-profile/src/Mod/Sketcher/App/SketchObjectSFPy.cpp
-- /home/user/dev/FreeCAD/build/clang-profile/src/Mod/Sketcher/App/SketchObjectPy.cpp
-- /home/user/dev/FreeCAD/build/clang-profile/src/Mod/Sketcher/App/SketchGeometryExtensionPy.cpp
-- /home/user/dev/FreeCAD/build/clang-profile/src/Mod/Sketcher/App/ExternalGeometryExtensionPy.cpp
-- /home/user/dev/FreeCAD/build/clang-profile/src/Mod/Sketcher/App/GeometryFacadePy.cpp
-- /home/user/dev/FreeCAD/build/clang-profile/src/Mod/Sketcher/App/ExternalGeometryFacadePy.cpp
-- /home/user/dev/FreeCAD/build/clang-profile/src/Mod/Sketcher/App/ConstraintPy.cpp
-- /home/user/dev/FreeCAD/build/clang-profile/src/Mod/Sketcher/App/SketchPy.cpp
-- /home/user/dev/FreeCAD/build/clang-profile/src/Mod/Sketcher/Gui/ViewProviderSketchGeometryExtensionPy.cpp
-- Found Fontconfig: /nix/store/9aa8kqdkr3b6n5gyhlqjxyklyndzywjy-fontconfig-2.17.1-lib/lib/libfontconfig.so (found version "2.17.1")
-- /home/user/dev/FreeCAD/build/clang-profile/src/Mod/Spreadsheet/App/SheetPy.cpp
-- /home/user/dev/FreeCAD/build/clang-profile/src/Mod/Spreadsheet/App/PropertySheetPy.cpp
-- /home/user/dev/FreeCAD/build/clang-profile/src/Mod/Spreadsheet/App/PropertyColumnWidthsPy.cpp
-- /home/user/dev/FreeCAD/build/clang-profile/src/Mod/Spreadsheet/App/PropertyRowHeightsPy.cpp
-- /home/user/dev/FreeCAD/build/clang-profile/src/Mod/Spreadsheet/Gui/ViewProviderSpreadsheetPy.cpp
-- /home/user/dev/FreeCAD/build/clang-profile/src/Mod/Surface/App/Blending/BlendPointPy.cpp
-- /home/user/dev/FreeCAD/build/clang-profile/src/Mod/Surface/App/Blending/BlendCurvePy.cpp
-- /home/user/dev/FreeCAD/build/clang-profile/src/Mod/Measure/App/MeasurementPy.cpp
-- /home/user/dev/FreeCAD/build/clang-profile/src/Mod/Measure/App/MeasureBasePy.cpp
-- /home/user/dev/FreeCAD/build/clang-profile/src/Mod/Measure/Gui/QuickMeasurePy.cpp
-- /home/user/dev/FreeCAD/build/clang-profile/src/Mod/TechDraw/App/DrawHatchPy.cpp
-- /home/user/dev/FreeCAD/build/clang-profile/src/Mod/TechDraw/App/DrawViewPy.cpp
-- /home/user/dev/FreeCAD/build/clang-profile/src/Mod/TechDraw/App/DrawPagePy.cpp
-- /home/user/dev/FreeCAD/build/clang-profile/src/Mod/TechDraw/App/DrawViewPartPy.cpp
-- /home/user/dev/FreeCAD/build/clang-profile/src/Mod/TechDraw/App/DrawViewSymbolPy.cpp
-- /home/user/dev/FreeCAD/build/clang-profile/src/Mod/TechDraw/App/DrawTemplatePy.cpp
-- /home/user/dev/FreeCAD/build/clang-profile/src/Mod/TechDraw/App/DrawParametricTemplatePy.cpp
-- /home/user/dev/FreeCAD/build/clang-profile/src/Mod/TechDraw/App/DrawSVGTemplatePy.cpp
-- /home/user/dev/FreeCAD/build/clang-profile/src/Mod/TechDraw/App/DrawViewClipPy.cpp
-- /home/user/dev/FreeCAD/build/clang-profile/src/Mod/TechDraw/App/DrawViewDimensionPy.cpp
-- /home/user/dev/FreeCAD/build/clang-profile/src/Mod/TechDraw/App/DrawViewDimExtentPy.cpp
-- /home/user/dev/FreeCAD/build/clang-profile/src/Mod/TechDraw/App/DrawGeomHatchPy.cpp
-- /home/user/dev/FreeCAD/build/clang-profile/src/Mod/TechDraw/App/DrawViewCollectionPy.cpp
-- /home/user/dev/FreeCAD/build/clang-profile/src/Mod/TechDraw/App/DrawProjGroupPy.cpp
-- /home/user/dev/FreeCAD/build/clang-profile/src/Mod/TechDraw/App/DrawProjGroupItemPy.cpp
-- /home/user/dev/FreeCAD/build/clang-profile/src/Mod/TechDraw/App/DrawViewAnnotationPy.cpp
-- /home/user/dev/FreeCAD/build/clang-profile/src/Mod/TechDraw/App/DrawLeaderLinePy.cpp
-- /home/user/dev/FreeCAD/build/clang-profile/src/Mod/TechDraw/App/DrawRichAnnoPy.cpp
-- /home/user/dev/FreeCAD/build/clang-profile/src/Mod/TechDraw/App/GeomFormatPy.cpp
-- /home/user/dev/FreeCAD/build/clang-profile/src/Mod/TechDraw/App/CenterLinePy.cpp
-- /home/user/dev/FreeCAD/build/clang-profile/src/Mod/TechDraw/App/CosmeticEdgePy.cpp
-- /home/user/dev/FreeCAD/build/clang-profile/src/Mod/TechDraw/App/CosmeticVertexPy.cpp
-- /home/user/dev/FreeCAD/build/clang-profile/src/Mod/TechDraw/App/DrawTilePy.cpp
-- /home/user/dev/FreeCAD/build/clang-profile/src/Mod/TechDraw/App/DrawTileWeldPy.cpp
-- /home/user/dev/FreeCAD/build/clang-profile/src/Mod/TechDraw/App/DrawWeldSymbolPy.cpp
-- /home/user/dev/FreeCAD/build/clang-profile/src/Mod/TechDraw/App/CosmeticExtensionPy.cpp
-- /home/user/dev/FreeCAD/build/clang-profile/src/Mod/TechDraw/App/DrawBrokenViewPy.cpp
-- /home/user/dev/FreeCAD/build/clang-profile/src/Gui/DocumentPy.cpp
-- /home/user/dev/FreeCAD/build/clang-profile/src/Gui/PythonWorkbenchPy.cpp
-- /home/user/dev/FreeCAD/build/clang-profile/src/Gui/ViewProviderPy.cpp
-- /home/user/dev/FreeCAD/build/clang-profile/src/Gui/ViewProviderDocumentObjectPy.cpp
-- /home/user/dev/FreeCAD/build/clang-profile/src/Gui/ViewProviderGeometryObjectPy.cpp
-- /home/user/dev/FreeCAD/build/clang-profile/src/Gui/ViewProviderExtensionPy.cpp
-- /home/user/dev/FreeCAD/build/clang-profile/src/Gui/WorkbenchPy.cpp
-- /home/user/dev/FreeCAD/build/clang-profile/src/Gui/Selection/SelectionObjectPy.cpp
-- /home/user/dev/FreeCAD/build/clang-profile/src/Gui/LinkViewPy.cpp
-- /home/user/dev/FreeCAD/build/clang-profile/src/Gui/ViewProviderLinkPy.cpp
-- /home/user/dev/FreeCAD/build/clang-profile/src/Gui/AxisOriginPy.cpp
-- /home/user/dev/FreeCAD/build/clang-profile/src/Gui/CommandPy.cpp
-- /home/user/dev/FreeCAD/build/clang-profile/src/Gui/EditableDatumLabelPy.cpp
-- /home/user/dev/FreeCAD/build/clang-profile/src/Gui/Navigation/NavigationStylePy.cpp
-- Found GTest: /nix/store/dvbl1537hhrzrycfv66cikzs0xcrk5px-gtest-1.17.0-dev/lib/cmake/GTest/GTestConfig.cmake (found version "1.17.0")

   ==============
     System
   ==============

-- bindir:                      bin
-- BLAS:                        -undefined-
-- ccache:                      /nix/store/28db00s7dzv8krxlpgqxbsi4sglm3yhx-ccache-4.13.6/bin/ccache
-- CMAKE_VERSION:               4.1.6
-- Compiler:                    /nix/store/5ivvhzl37ci5sfdmyxc62s0yq56gs0gf-clang-wrapper-21.1.8/bin/clang++ (21.1.8)
-- datadir:                     share
-- docdir:                      share/doc/FreeCAD
-- includedir:                  include
-- libdir:                      lib64
-- prefix:                      /usr/local
-- Python:                      3.13.15 [/nix/store/h3l4z7p6wny3phbckwwhy1i2g52pdnj4-python3-3.13.15/bin/python3.13] Suffix: [.abi3]

   ==============
     Config
   ==============

-- BUILD_ADDONMGR:              ON
-- BUILD_ASSEMBLY:              ON
-- BUILD_BIM:                   ON
-- BUILD_CAM:                   ON
-- BUILD_DRAFT:                 ON
-- BUILD_FEM:                   ON
-- BUILD_GUI:                   ON
-- BUILD_HELP:                  ON
-- BUILD_IMPORT:                ON
-- BUILD_INSPECTION:            ON
-- BUILD_JTREADER:              OFF 
-- BUILD_MATERIAL:              ON
-- BUILD_MATERIAL_EXTERNAL:     OFF 
-- BUILD_MEASURE:               ON
-- BUILD_MESH:                  ON
-- BUILD_MESH_PART:             ON
-- BUILD_OPENSCAD:              ON
-- BUILD_PART:                  ON
-- BUILD_PART_DESIGN:           ON
-- BUILD_PLOT:                  ON
-- BUILD_POINTS:                ON
-- BUILD_REVERSEENGINEERING:    ON
-- BUILD_ROBOT:                 ON
-- BUILD_SHOW:                  ON
-- BUILD_SKETCHER:              ON
-- BUILD_SMESH:                 ON
-- BUILD_SPREADSHEET:           ON
-- BUILD_START:                 ON
-- BUILD_SURFACE:               ON
-- BUILD_TECHDRAW:              ON
-- BUILD_TEST:                  ON
-- BUILD_TUX:                   ON
-- BUILD_WEB:                   ON
-- CMAKE_BUILD_TYPE:            Release
-- CMAKE_CXX_FLAGS:             -Wall -Wextra -Wpedantic -Wno-write-strings -fdiagnostics-color  -ftime-trace -Wno-undefined-var-template
-- CMAKE_CXX_STANDARD:          23
-- CMAKE_INSTALL_PREFIX:        /usr/local
-- CMAKE_PREFIX_PATH:           OFF 
-- ENABLE_DEVELOPER_TESTS:      ON
-- FREECAD_CREATE_MAC_APP:      -undefined-
-- FREECAD_LIBPACK_USE:         -undefined-
-- FREECAD_USE_EXTERNAL_KDL:    OFF 
-- FREECAD_USE_EXTERNAL_SMESH:  OFF 
-- FREECAD_USE_FREETYPE:        ON
-- FREECAD_USE_PYSIDE:          ON
-- FREECAD_USE_SANITIZER_ASAN:  OFF 
-- FREECAD_USE_SANITIZER_LSAN:  OFF 
-- FREECAD_USE_SANITIZER_MSAN:  OFF 
-- FREECAD_USE_SANITIZER_TSAN:  OFF 
-- FREECAD_USE_SANITIZER_UBSAN: OFF 
-- FREECAD_USE_SHIBOKEN:        ON
-- FREECAD_VCS_PROVENANCE:      OFF 
-- Python3_EXECUTABLE:          /nix/store/h3l4z7p6wny3phbckwwhy1i2g52pdnj4-python3-3.13.15/bin/python3.13
-- PYTHON_LIBRARY:              -undefined-
-- USE_CUDA:                    -undefined-

   ==============
     Libraries
   ==============

-- Boost:                       1.89.0
-- Coin3D:                      4.0.10 [] []
-- Coin3D_DOC:                  not found
-- Coin3D_Expat:                external (2.8.3)
-- Coin3D_Source:               bundled
-- cpptrace:                    not found
-- DesignerPlugin:              not built (BUILD_DESIGNER_PLUGIN is OFF)
-- Doxygen:                     1.16.1 Language: English
-- Eigen3:                      3.4.1
-- Freetype:                    2.14.3
-- GTest:                       1.17.0
-- HDF5:                        1.14.6
-- ICU:                         76.1
-- IfcOpenShell:                not found
-- Lark:                        1.3.1
-- Matplotlib:                  3.10.9 PathDirs: /nix/store/n42pvvmm2l2yabyr0kkacs8hfnln8g0m-python3.13-matplotlib-3.10.9/lib/python3.13/site-packages/matplotlib
-- MEDFile:                     6.0.1 [medC;medfwrap;med] [/nix/store/qqissis5hr5pmgs0y5c2w66ma6dbls5x-medfile-6.0.1/include]
-- NETGEN:                      not enabled
-- OCC:                         7.9.3 [/nix/store/njpvi46a41av7k4xqanvf94nawfci0f0-opencascade-occt-7.9.3/lib] [/nix/store/njpvi46a41av7k4xqanvf94nawfci0f0-opencascade-occt-7.9.3/include/opencascade]
-- OCC_Libs:                    [TKFillet;TKMesh;TKernel;TKG2d;TKG3d;TKMath;TKShHealing;TKXSBase;TKBool;TKBO;TKBRep;TKTopAlgo;TKGeomAlgo;TKGeomBase;TKOffset;TKPrim;TKHLR;TKFeat;TKExpress;TKDESTEP;TKDEIGES;TKDEGLTF;TKDESTL]
-- OpenGL_Lib:                  [/nix/store/ji9sy2cadldwn33hm0aiiq8jld29rbq5-libglvnd-1.7.0/lib/libGL.so]
-- OpenGLU_Incl:                [/nix/store/2vvzfir1v357j5qfqfqv5zclklln5lp2-libglvnd-1.7.0-dev/include]
-- OpenGLU_Lib:                 [/nix/store/450mrbh6bp5m0f9g4llc7h8z5pcr0wkz-glu-9.0.3/lib/libGLU.so]
-- PIL:                         not found
-- pivy:                        0.6.11
-- pivy_Source:                 bundled
-- PyAV:                        not found
-- pybind11:                    3.0.4
-- PYCXX:                       7.1.11 Incl: /home/user/dev/FreeCAD/src/3rdParty/PyCXX Src:/home/user/dev/FreeCAD/src/3rdParty/PyCXX/CXX
-- PySide:                      6.11.0 [/nix/store/qyxanf06z79i3y90ks5qmqi6h3c986gr-pyside6-6.11.0/PySide6/include]
-- PySideTools:                 v: 6  uic: [/nix/store/73fffgyahdpj0znw0p152i7q1xq5kkks-qtbase-6.11.1/libexec/uic]  rcc: [/nix/store/73fffgyahdpj0znw0p152i7q1xq5kkks-qtbase-6.11.1/libexec/rcc]
-- QtConcurrent:                6.11.1
-- QtCore:                      6.11.1
-- QtNetwork:                   6.11.1
-- QtOpenGL:                    6.11.1
-- QtOpenGLWidgets:             6.11.1
-- QtPrintSupport:              6.11.1
-- QtSvg:                       6.11.1
-- QtTest:                      6.11.1
-- QtUiTools:                   6.11.1
-- QtWidgets:                   6.11.1
-- QtXml:                       6.11.1
-- Shiboken:                    6.11.0 [/nix/store/fid1mwqxdc65j2a0ial5fp5p6jcmv51a-shiboken6-6.11.0/shiboken6/include;/nix/store/h3l4z7p6wny3phbckwwhy1i2g52pdnj4-python3-3.13.15/include/python3.13]
-- SMESH:                       7.7.1.0 build internal
-- SPNAV:                       [/nix/store/g4kwwc80ann96bmr5jll3p1bs6ifrwm3-libspnav-1.2/lib/libspnav.so] [/nix/store/g4kwwc80ann96bmr5jll3p1bs6ifrwm3-libspnav-1.2/include]
-- SWIG:                        4.4.1
-- Vtk:                         9.5.2
-- XercesC:                     3.3.0 [/nix/store/s9k3wqxph2axp6xr2xia5acrmx4rgl4v-xerces-c-3.3.0/lib/libxerces-c.so] [/nix/store/s9k3wqxph2axp6xr2xia5acrmx4rgl4v-xerces-c-3.3.0/include]
-- yaml-cpp:                    0.8.0
-- ZLIB:                        1.3.2

=================================================
Now run 'cmake --build /home/user/dev/FreeCAD/build/clang-profile' to build FreeCAD
=================================================

-- Configuring done (88.0s)
CMake Warning at src/3rdParty/salomesmesh/CMakeLists.txt:255 (ADD_LIBRARY):
  Cannot generate a safe runtime search path for target SMESH because files
  in some directories may conflict with libraries in implicit directories:

    runtime library [libhdf5.so.310] in /nix/store/079x669sxgdkghj5b8bn0xf5yq9q6y9j-hdf5-cpp-1.14.6/lib may be hidden by files in:
      /nix/store/6si9nhi2x21igs9ksp96p5xdqk8iqp9r-hdf5-cpp-1.14.6/lib
    runtime library [libhdf5_hl.so.310] in /nix/store/079x669sxgdkghj5b8bn0xf5yq9q6y9j-hdf5-cpp-1.14.6/lib may be hidden by files in:
      /nix/store/6si9nhi2x21igs9ksp96p5xdqk8iqp9r-hdf5-cpp-1.14.6/lib

  Some of these libraries may not be found correctly.


CMake Warning at src/3rdParty/salomesmesh/CMakeLists.txt:284 (ADD_LIBRARY):
  Cannot generate a safe runtime search path for target StdMeshers because
  files in some directories may conflict with libraries in implicit
  directories:

    runtime library [libhdf5.so.310] in /nix/store/079x669sxgdkghj5b8bn0xf5yq9q6y9j-hdf5-cpp-1.14.6/lib may be hidden by files in:
      /nix/store/6si9nhi2x21igs9ksp96p5xdqk8iqp9r-hdf5-cpp-1.14.6/lib
    runtime library [libhdf5_hl.so.310] in /nix/store/079x669sxgdkghj5b8bn0xf5yq9q6y9j-hdf5-cpp-1.14.6/lib may be hidden by files in:
      /nix/store/6si9nhi2x21igs9ksp96p5xdqk8iqp9r-hdf5-cpp-1.14.6/lib

  Some of these libraries may not be found correctly.


CMake Warning at src/Mod/Fem/App/CMakeLists.txt:204 (add_library):
  Cannot generate a safe runtime search path for target Fem because files in
  some directories may conflict with libraries in implicit directories:

    runtime library [libhdf5.so.310] in /nix/store/079x669sxgdkghj5b8bn0xf5yq9q6y9j-hdf5-cpp-1.14.6/lib may be hidden by files in:
      /nix/store/6si9nhi2x21igs9ksp96p5xdqk8iqp9r-hdf5-cpp-1.14.6/lib
    runtime library [libhdf5_hl.so.310] in /nix/store/079x669sxgdkghj5b8bn0xf5yq9q6y9j-hdf5-cpp-1.14.6/lib may be hidden by files in:
      /nix/store/6si9nhi2x21igs9ksp96p5xdqk8iqp9r-hdf5-cpp-1.14.6/lib

  Some of these libraries may not be found correctly.


CMake Warning at src/Mod/Fem/Gui/CMakeLists.txt:391 (add_library):
  Cannot generate a safe runtime search path for target FemGui because files
  in some directories may conflict with libraries in implicit directories:

    runtime library [libhdf5.so.310] in /nix/store/079x669sxgdkghj5b8bn0xf5yq9q6y9j-hdf5-cpp-1.14.6/lib may be hidden by files in:
      /nix/store/6si9nhi2x21igs9ksp96p5xdqk8iqp9r-hdf5-cpp-1.14.6/lib
    runtime library [libhdf5_hl.so.310] in /nix/store/079x669sxgdkghj5b8bn0xf5yq9q6y9j-hdf5-cpp-1.14.6/lib may be hidden by files in:
      /nix/store/6si9nhi2x21igs9ksp96p5xdqk8iqp9r-hdf5-cpp-1.14.6/lib

  Some of these libraries may not be found correctly.


CMake Warning at src/Mod/MeshPart/App/CMakeLists.txt:3 (add_library):
  Cannot generate a safe runtime search path for target MeshPart because
  files in some directories may conflict with libraries in implicit
  directories:

    runtime library [libhdf5.so.310] in /nix/store/079x669sxgdkghj5b8bn0xf5yq9q6y9j-hdf5-cpp-1.14.6/lib may be hidden by files in:
      /nix/store/6si9nhi2x21igs9ksp96p5xdqk8iqp9r-hdf5-cpp-1.14.6/lib
    runtime library [libhdf5_hl.so.310] in /nix/store/079x669sxgdkghj5b8bn0xf5yq9q6y9j-hdf5-cpp-1.14.6/lib may be hidden by files in:
      /nix/store/6si9nhi2x21igs9ksp96p5xdqk8iqp9r-hdf5-cpp-1.14.6/lib

  Some of these libraries may not be found correctly.


CMake Warning at src/Mod/MeshPart/App/CMakeLists.txt:123 (add_library):
  Cannot generate a safe runtime search path for target flatmesh because
  files in some directories may conflict with libraries in implicit
  directories:

    runtime library [libhdf5.so.310] in /nix/store/079x669sxgdkghj5b8bn0xf5yq9q6y9j-hdf5-cpp-1.14.6/lib may be hidden by files in:
      /nix/store/6si9nhi2x21igs9ksp96p5xdqk8iqp9r-hdf5-cpp-1.14.6/lib
    runtime library [libhdf5_hl.so.310] in /nix/store/079x669sxgdkghj5b8bn0xf5yq9q6y9j-hdf5-cpp-1.14.6/lib may be hidden by files in:
      /nix/store/6si9nhi2x21igs9ksp96p5xdqk8iqp9r-hdf5-cpp-1.14.6/lib

  Some of these libraries may not be found correctly.


CMake Warning at src/Mod/MeshPart/Gui/CMakeLists.txt:67 (add_library):
  Cannot generate a safe runtime search path for target MeshPartGui because
  files in some directories may conflict with libraries in implicit
  directories:

    runtime library [libhdf5.so.310] in /nix/store/079x669sxgdkghj5b8bn0xf5yq9q6y9j-hdf5-cpp-1.14.6/lib may be hidden by files in:
      /nix/store/6si9nhi2x21igs9ksp96p5xdqk8iqp9r-hdf5-cpp-1.14.6/lib
    runtime library [libhdf5_hl.so.310] in /nix/store/079x669sxgdkghj5b8bn0xf5yq9q6y9j-hdf5-cpp-1.14.6/lib may be hidden by files in:
      /nix/store/6si9nhi2x21igs9ksp96p5xdqk8iqp9r-hdf5-cpp-1.14.6/lib

  Some of these libraries may not be found correctly.


CMake Warning at tests/src/Mod/MeshPart/App/CMakeLists.txt:3 (add_executable):
  Cannot generate a safe runtime search path for target MeshPart_tests_run
  because files in some directories may conflict with libraries in implicit
  directories:

    runtime library [libhdf5.so.310] in /nix/store/079x669sxgdkghj5b8bn0xf5yq9q6y9j-hdf5-cpp-1.14.6/lib may be hidden by files in:
      /nix/store/6si9nhi2x21igs9ksp96p5xdqk8iqp9r-hdf5-cpp-1.14.6/lib
    runtime library [libhdf5_hl.so.310] in /nix/store/079x669sxgdkghj5b8bn0xf5yq9q6y9j-hdf5-cpp-1.14.6/lib may be hidden by files in:
      /nix/store/6si9nhi2x21igs9ksp96p5xdqk8iqp9r-hdf5-cpp-1.14.6/lib

  Some of these libraries may not be found correctly.


-- Generating done (2.2s)
-- Build files have been written to: /home/user/dev/FreeCAD/build/clang-profile
